/Users/davidmarsh/Desktop/Pool Table Test/render_game.py:94: DeprecationWarning: 'World.use_nodes' is expected to be removed in Blender 6.0
  world.use_nodes = True
/Users/davidmarsh/Desktop/Pool Table Test/render_game.py:103: DeprecationWarning: 'Material.use_nodes' is expected to be removed in Blender 6.0
  m.use_nodes = True
/Users/davidmarsh/Desktop/Pool Table Test/render_game.py:119: DeprecationWarning: 'Material.use_nodes' is expected to be removed in Blender 6.0
  m.use_nodes = True
/Users/davidmarsh/Desktop/Pool Table Test/render_game.py:391: DeprecationWarning: 'Material.use_nodes' is expected to be removed in Blender 6.0
  m.use_nodes = True
/Users/davidmarsh/Desktop/Pool Table Test/render_game.py:447: DeprecationWarning: 'Material.use_nodes' is expected to be removed in Blender 6.0
  m.use_nodes = True
/Users/davidmarsh/Desktop/Pool Table Test/render_game.py:614: DeprecationWarning: 'Material.use_nodes' is expected to be removed in Blender 6.0
  m.use_nodes = True
00:22.489  render           | Saved: '/Users/davidmarsh/Desktop/Pool Table Test/frames/f_0001.png'
00:23.257  render           | Saved: '/Users/davidmarsh/Desktop/Pool Table Test/frames/f_0002.png'
00:24.048  render           | Saved: '/Users/davidmarsh/Desktop/Pool Table Test/frames/f_0003.png'
00:24.820  render           | Saved: '/Users/davidmarsh/Desktop/Pool Table Test/frames/f_0004.png'
00:25.583  render           | Saved: '/Users/davidmarsh/Desktop/Pool Table Test/frames/f_0005.png'
00:26.363  render           | Saved: '/Users/davidmarsh/Desktop/Pool Table Test/frames/f_0006.png'
00:27.151  render           | Saved: '/Users/davidmarsh/Desktop/Pool Table Test/frames/f_0007.png'
00:27.910  render           | Saved: '/Users/davidmarsh/Desktop/Pool Table Test/frames/f_0008.png'
00:28.688  render           | Saved: '/Users/davidmarsh/Desktop/Pool Table Test/frames/f_0009.png'
00:29.464  render           | Saved: '/Users/davidmarsh/Desktop/Pool Table Test/frames/f_0010.png'
00:30.224  render           | Saved: '/Users/davidmarsh/Desktop/Pool Table Test/frames/f_0011.png'
00:30.989  render           | Saved: '/Users/davidmarsh/Desktop/Pool Table Test/frames/f_0012.png'
00:31.775  render           | Saved: '/Users/davidmarsh/Desktop/Pool Table Test/frames/f_0013.png'
00:32.559  render           | Saved: '/Users/davidmarsh/Desktop/Pool Table Test/frames/f_0014.png'
00:33.356  render           | Saved: '/Users/davidmarsh/Desktop/Pool Table Test/frames/f_0015.png'
00:34.152  render           | Saved: '/Users/davidmarsh/Desktop/Pool Table Test/frames/f_0016.png'
00:34.943  render           | Saved: '/Users/davidmarsh/Desktop/Pool Table Test/frames/f_0017.png'
00:35.741  render           | Saved: '/Users/davidmarsh/Desktop/Pool Table Test/frames/f_0018.png'
00:36.530  render           | Saved: '/Users/davidmarsh/Desktop/Pool Table Test/frames/f_0019.png'
00:37.308  render           | Saved: '/Users/davidmarsh/Desktop/Pool Table Test/frames/f_0020.png'
00:38.093  render           | Saved: '/Users/davidmarsh/Desktop/Pool Table Test/frames/f_0021.png'
00:38.875  render           | Saved: '/Users/davidmarsh/Desktop/Pool Table Test/frames/f_0022.png'
00:39.659  render           | Saved: '/Users/davidmarsh/Desktop/Pool Table Test/frames/f_0023.png'
00:40.433  render           | Saved: '/Users/davidmarsh/Desktop/Pool Table Test/frames/f_0024.png'
00:41.221  render           | Saved: '/Users/davidmarsh/Desktop/Pool Table Test/frames/f_0025.png'
00:42.012  render           | Saved: '/Users/davidmarsh/Desktop/Pool Table Test/frames/f_0026.png'
00:42.779  render           | Saved: '/Users/davidmarsh/Desktop/Pool Table Test/frames/f_0027.png'
00:43.544  render           | Saved: '/Users/davidmarsh/Desktop/Pool Table Test/frames/f_0028.png'
00:44.314  render           | Saved: '/Users/davidmarsh/Desktop/Pool Table Test/frames/f_0029.png'
00:45.072  render           | Saved: '/Users/davidmarsh/Desktop/Pool Table Test/frames/f_0030.png'
00:45.837  render           | Saved: '/Users/davidmarsh/Desktop/Pool Table Test/frames/f_0031.png'
00:46.608  render           | Saved: '/Users/davidmarsh/Desktop/Pool Table Test/frames/f_0032.png'
00:47.382  render           | Saved: '/Users/davidmarsh/Desktop/Pool Table Test/frames/f_0033.png'
00:48.156  render           | Saved: '/Users/davidmarsh/Desktop/Pool Table Test/frames/f_0034.png'
00:48.930  render           | Saved: '/Users/davidmarsh/Desktop/Pool Table Test/frames/f_0035.png'
00:49.726  render           | Saved: '/Users/davidmarsh/Desktop/Pool Table Test/frames/f_0036.png'
00:50.440  render           | Saved: '/Users/davidmarsh/Desktop/Pool Table Test/frames/f_0037.png'
00:51.237  render           | Saved: '/Users/davidmarsh/Desktop/Pool Table Test/frames/f_0038.png'
00:52.005  render           | Saved: '/Users/davidmarsh/Desktop/Pool Table Test/frames/f_0039.png'
00:52.777  render           | Saved: '/Users/davidmarsh/Desktop/Pool Table Test/frames/f_0040.png'
00:53.525  render           | Saved: '/Users/davidmarsh/Desktop/Pool Table Test/frames/f_0041.png'
00:54.270  render           | Saved: '/Users/davidmarsh/Desktop/Pool Table Test/frames/f_0042.png'
00:55.035  render           | Saved: '/Users/davidmarsh/Desktop/Pool Table Test/frames/f_0043.png'
00:55.789  render           | Saved: '/Users/davidmarsh/Desktop/Pool Table Test/frames/f_0044.png'
00:56.555  render           | Saved: '/Users/davidmarsh/Desktop/Pool Table Test/frames/f_0045.png'
01:02.046  render           | Saved: '/Users/davidmarsh/Desktop/Pool Table Test/frames/f_0046.png'
01:07.578  render           | Saved: '/Users/davidmarsh/Desktop/Pool Table Test/frames/f_0047.png'
01:13.236  render           | Saved: '/Users/davidmarsh/Desktop/Pool Table Test/frames/f_0048.png'
01:18.860  render           | Saved: '/Users/davidmarsh/Desktop/Pool Table Test/frames/f_0049.png'
01:24.730  render           | Saved: '/Users/davidmarsh/Desktop/Pool Table Test/frames/f_0050.png'
01:30.355  render           | Saved: '/Users/davidmarsh/Desktop/Pool Table Test/frames/f_0051.png'
01:36.294  render           | Saved: '/Users/davidmarsh/Desktop/Pool Table Test/frames/f_0052.png'
01:41.628  render           | Saved: '/Users/davidmarsh/Desktop/Pool Table Test/frames/f_0053.png'
01:47.350  render           | Saved: '/Users/davidmarsh/Desktop/Pool Table Test/frames/f_0054.png'
01:53.103  render           | Saved: '/Users/davidmarsh/Desktop/Pool Table Test/frames/f_0055.png'
01:59.103  render           | Saved: '/Users/davidmarsh/Desktop/Pool Table Test/frames/f_0056.png'
02:05.747  render           | Saved: '/Users/davidmarsh/Desktop/Pool Table Test/frames/f_0057.png'
