/Users/davidmarsh/Desktop/Pool Table Test/render_break.py:145: DeprecationWarning: 'Material.use_nodes' is expected to be removed in Blender 6.0
  m.use_nodes = True
/Users/davidmarsh/Desktop/Pool Table Test/render_break.py:195: DeprecationWarning: 'Material.use_nodes' is expected to be removed in Blender 6.0
  m.use_nodes = True
/Users/davidmarsh/Desktop/Pool Table Test/render_break.py:129: DeprecationWarning: 'Material.use_nodes' is expected to be removed in Blender 6.0
  m.use_nodes = True
/Users/davidmarsh/Desktop/Pool Table Test/render_break.py:303: DeprecationWarning: 'World.use_nodes' is expected to be removed in Blender 6.0
  world.use_nodes = True
/Users/davidmarsh/Desktop/Pool Table Test/render_break.py:312: DeprecationWarning: 'Material.use_nodes' is expected to be removed in Blender 6.0
  m.use_nodes = True
00:03.232  render           | Saved: '/Users/davidmarsh/Desktop/Pool Table Test/frames_break/b_0001.png'
00:04.531  render           | Saved: '/Users/davidmarsh/Desktop/Pool Table Test/frames_break/b_0002.png'
00:05.828  render           | Saved: '/Users/davidmarsh/Desktop/Pool Table Test/frames_break/b_0003.png'
00:07.144  render           | Saved: '/Users/davidmarsh/Desktop/Pool Table Test/frames_break/b_0004.png'
00:08.443  render           | Saved: '/Users/davidmarsh/Desktop/Pool Table Test/frames_break/b_0005.png'
00:09.761  render           | Saved: '/Users/davidmarsh/Desktop/Pool Table Test/frames_break/b_0006.png'
00:11.051  render           | Saved: '/Users/davidmarsh/Desktop/Pool Table Test/frames_break/b_0007.png'
00:12.347  render           | Saved: '/Users/davidmarsh/Desktop/Pool Table Test/frames_break/b_0008.png'
00:13.675  render           | Saved: '/Users/davidmarsh/Desktop/Pool Table Test/frames_break/b_0009.png'
00:14.993  render           | Saved: '/Users/davidmarsh/Desktop/Pool Table Test/frames_break/b_0010.png'
00:16.285  render           | Saved: '/Users/davidmarsh/Desktop/Pool Table Test/frames_break/b_0011.png'
00:17.586  render           | Saved: '/Users/davidmarsh/Desktop/Pool Table Test/frames_break/b_0012.png'
00:18.914  render           | Saved: '/Users/davidmarsh/Desktop/Pool Table Test/frames_break/b_0013.png'
00:20.268  render           | Saved: '/Users/davidmarsh/Desktop/Pool Table Test/frames_break/b_0014.png'
00:21.570  render           | Saved: '/Users/davidmarsh/Desktop/Pool Table Test/frames_break/b_0015.png'
00:22.876  render           | Saved: '/Users/davidmarsh/Desktop/Pool Table Test/frames_break/b_0016.png'
00:24.229  render           | Saved: '/Users/davidmarsh/Desktop/Pool Table Test/frames_break/b_0017.png'
00:25.560  render           | Saved: '/Users/davidmarsh/Desktop/Pool Table Test/frames_break/b_0018.png'
00:26.899  render           | Saved: '/Users/davidmarsh/Desktop/Pool Table Test/frames_break/b_0019.png'
00:28.203  render           | Saved: '/Users/davidmarsh/Desktop/Pool Table Test/frames_break/b_0020.png'
00:29.542  render           | Saved: '/Users/davidmarsh/Desktop/Pool Table Test/frames_break/b_0021.png'
00:30.900  render           | Saved: '/Users/davidmarsh/Desktop/Pool Table Test/frames_break/b_0022.png'
00:32.276  render           | Saved: '/Users/davidmarsh/Desktop/Pool Table Test/frames_break/b_0023.png'
00:33.605  render           | Saved: '/Users/davidmarsh/Desktop/Pool Table Test/frames_break/b_0024.png'
00:34.963  render           | Saved: '/Users/davidmarsh/Desktop/Pool Table Test/frames_break/b_0025.png'
00:36.275  render           | Saved: '/Users/davidmarsh/Desktop/Pool Table Test/frames_break/b_0026.png'
00:37.600  render           | Saved: '/Users/davidmarsh/Desktop/Pool Table Test/frames_break/b_0027.png'
00:38.919  render           | Saved: '/Users/davidmarsh/Desktop/Pool Table Test/frames_break/b_0028.png'
00:40.247  render           | Saved: '/Users/davidmarsh/Desktop/Pool Table Test/frames_break/b_0029.png'
00:41.573  render           | Saved: '/Users/davidmarsh/Desktop/Pool Table Test/frames_break/b_0030.png'
00:42.898  render           | Saved: '/Users/davidmarsh/Desktop/Pool Table Test/frames_break/b_0031.png'
00:44.240  render           | Saved: '/Users/davidmarsh/Desktop/Pool Table Test/frames_break/b_0032.png'
00:45.569  render           | Saved: '/Users/davidmarsh/Desktop/Pool Table Test/frames_break/b_0033.png'
00:46.876  render           | Saved: '/Users/davidmarsh/Desktop/Pool Table Test/frames_break/b_0034.png'
00:48.193  render           | Saved: '/Users/davidmarsh/Desktop/Pool Table Test/frames_break/b_0035.png'
00:49.508  render           | Saved: '/Users/davidmarsh/Desktop/Pool Table Test/frames_break/b_0036.png'
00:50.840  render           | Saved: '/Users/davidmarsh/Desktop/Pool Table Test/frames_break/b_0037.png'
00:52.174  render           | Saved: '/Users/davidmarsh/Desktop/Pool Table Test/frames_break/b_0038.png'
00:53.521  render           | Saved: '/Users/davidmarsh/Desktop/Pool Table Test/frames_break/b_0039.png'
00:54.898  render           | Saved: '/Users/davidmarsh/Desktop/Pool Table Test/frames_break/b_0040.png'
00:56.240  render           | Saved: '/Users/davidmarsh/Desktop/Pool Table Test/frames_break/b_0041.png'
00:57.579  render           | Saved: '/Users/davidmarsh/Desktop/Pool Table Test/frames_break/b_0042.png'
00:58.897  render           | Saved: '/Users/davidmarsh/Desktop/Pool Table Test/frames_break/b_0043.png'
01:00.235  render           | Saved: '/Users/davidmarsh/Desktop/Pool Table Test/frames_break/b_0044.png'
01:01.581  render           | Saved: '/Users/davidmarsh/Desktop/Pool Table Test/frames_break/b_0045.png'
01:02.915  render           | Saved: '/Users/davidmarsh/Desktop/Pool Table Test/frames_break/b_0046.png'
01:04.254  render           | Saved: '/Users/davidmarsh/Desktop/Pool Table Test/frames_break/b_0047.png'
01:05.616  render           | Saved: '/Users/davidmarsh/Desktop/Pool Table Test/frames_break/b_0048.png'
01:06.991  render           | Saved: '/Users/davidmarsh/Desktop/Pool Table Test/frames_break/b_0049.png'
01:08.355  render           | Saved: '/Users/davidmarsh/Desktop/Pool Table Test/frames_break/b_0050.png'
01:09.678  render           | Saved: '/Users/davidmarsh/Desktop/Pool Table Test/frames_break/b_0051.png'
01:11.013  render           | Saved: '/Users/davidmarsh/Desktop/Pool Table Test/frames_break/b_0052.png'
01:12.421  render           | Saved: '/Users/davidmarsh/Desktop/Pool Table Test/frames_break/b_0053.png'
01:13.825  render           | Saved: '/Users/davidmarsh/Desktop/Pool Table Test/frames_break/b_0054.png'
01:15.204  render           | Saved: '/Users/davidmarsh/Desktop/Pool Table Test/frames_break/b_0055.png'
01:16.551  render           | Saved: '/Users/davidmarsh/Desktop/Pool Table Test/frames_break/b_0056.png'
01:17.880  render           | Saved: '/Users/davidmarsh/Desktop/Pool Table Test/frames_break/b_0057.png'
01:19.215  render           | Saved: '/Users/davidmarsh/Desktop/Pool Table Test/frames_break/b_0058.png'
01:20.606  render           | Saved: '/Users/davidmarsh/Desktop/Pool Table Test/frames_break/b_0059.png'
01:22.008  render           | Saved: '/Users/davidmarsh/Desktop/Pool Table Test/frames_break/b_0060.png'
01:23.376  render           | Saved: '/Users/davidmarsh/Desktop/Pool Table Test/frames_break/b_0061.png'
01:24.735  render           | Saved: '/Users/davidmarsh/Desktop/Pool Table Test/frames_break/b_0062.png'
01:26.119  render           | Saved: '/Users/davidmarsh/Desktop/Pool Table Test/frames_break/b_0063.png'
01:27.538  render           | Saved: '/Users/davidmarsh/Desktop/Pool Table Test/frames_break/b_0064.png'
01:28.934  render           | Saved: '/Users/davidmarsh/Desktop/Pool Table Test/frames_break/b_0065.png'
01:30.346  render           | Saved: '/Users/davidmarsh/Desktop/Pool Table Test/frames_break/b_0066.png'
01:31.746  render           | Saved: '/Users/davidmarsh/Desktop/Pool Table Test/frames_break/b_0067.png'
01:33.178  render           | Saved: '/Users/davidmarsh/Desktop/Pool Table Test/frames_break/b_0068.png'
01:34.601  render           | Saved: '/Users/davidmarsh/Desktop/Pool Table Test/frames_break/b_0069.png'
01:35.988  render           | Saved: '/Users/davidmarsh/Desktop/Pool Table Test/frames_break/b_0070.png'
01:37.424  render           | Saved: '/Users/davidmarsh/Desktop/Pool Table Test/frames_break/b_0071.png'
01:38.806  render           | Saved: '/Users/davidmarsh/Desktop/Pool Table Test/frames_break/b_0072.png'
01:40.161  render           | Saved: '/Users/davidmarsh/Desktop/Pool Table Test/frames_break/b_0073.png'
01:41.538  render           | Saved: '/Users/davidmarsh/Desktop/Pool Table Test/frames_break/b_0074.png'
01:42.934  render           | Saved: '/Users/davidmarsh/Desktop/Pool Table Test/frames_break/b_0075.png'
01:44.421  render           | Saved: '/Users/davidmarsh/Desktop/Pool Table Test/frames_break/b_0076.png'
01:45.785  render           | Saved: '/Users/davidmarsh/Desktop/Pool Table Test/frames_break/b_0077.png'
01:47.183  render           | Saved: '/Users/davidmarsh/Desktop/Pool Table Test/frames_break/b_0078.png'
01:48.614  render           | Saved: '/Users/davidmarsh/Desktop/Pool Table Test/frames_break/b_0079.png'
01:50.052  render           | Saved: '/Users/davidmarsh/Desktop/Pool Table Test/frames_break/b_0080.png'
01:51.448  render           | Saved: '/Users/davidmarsh/Desktop/Pool Table Test/frames_break/b_0081.png'
01:52.859  render           | Saved: '/Users/davidmarsh/Desktop/Pool Table Test/frames_break/b_0082.png'
01:54.308  render           | Saved: '/Users/davidmarsh/Desktop/Pool Table Test/frames_break/b_0083.png'
01:55.729  render           | Saved: '/Users/davidmarsh/Desktop/Pool Table Test/frames_break/b_0084.png'
01:57.187  render           | Saved: '/Users/davidmarsh/Desktop/Pool Table Test/frames_break/b_0085.png'
01:58.580  render           | Saved: '/Users/davidmarsh/Desktop/Pool Table Test/frames_break/b_0086.png'
02:00.015  render           | Saved: '/Users/davidmarsh/Desktop/Pool Table Test/frames_break/b_0087.png'
02:01.463  render           | Saved: '/Users/davidmarsh/Desktop/Pool Table Test/frames_break/b_0088.png'
02:02.937  render           | Saved: '/Users/davidmarsh/Desktop/Pool Table Test/frames_break/b_0089.png'
02:04.433  render           | Saved: '/Users/davidmarsh/Desktop/Pool Table Test/frames_break/b_0090.png'
02:06.004  render           | Saved: '/Users/davidmarsh/Desktop/Pool Table Test/frames_break/b_0091.png'
02:07.510  render           | Saved: '/Users/davidmarsh/Desktop/Pool Table Test/frames_break/b_0092.png'
02:09.108  render           | Saved: '/Users/davidmarsh/Desktop/Pool Table Test/frames_break/b_0093.png'
02:10.646  render           | Saved: '/Users/davidmarsh/Desktop/Pool Table Test/frames_break/b_0094.png'
02:12.123  render           | Saved: '/Users/davidmarsh/Desktop/Pool Table Test/frames_break/b_0095.png'
02:13.541  render           | Saved: '/Users/davidmarsh/Desktop/Pool Table Test/frames_break/b_0096.png'
02:14.968  render           | Saved: '/Users/davidmarsh/Desktop/Pool Table Test/frames_break/b_0097.png'
02:16.500  render           | Saved: '/Users/davidmarsh/Desktop/Pool Table Test/frames_break/b_0098.png'
02:17.931  render           | Saved: '/Users/davidmarsh/Desktop/Pool Table Test/frames_break/b_0099.png'
02:19.387  render           | Saved: '/Users/davidmarsh/Desktop/Pool Table Test/frames_break/b_0100.png'
02:20.840  render           | Saved: '/Users/davidmarsh/Desktop/Pool Table Test/frames_break/b_0101.png'
02:22.383  render           | Saved: '/Users/davidmarsh/Desktop/Pool Table Test/frames_break/b_0102.png'
02:24.337  render           | Saved: '/Users/davidmarsh/Desktop/Pool Table Test/frames_break/b_0103.png'
02:25.985  render           | Saved: '/Users/davidmarsh/Desktop/Pool Table Test/frames_break/b_0104.png'
02:27.827  render           | Saved: '/Users/davidmarsh/Desktop/Pool Table Test/frames_break/b_0105.png'
02:29.681  render           | Saved: '/Users/davidmarsh/Desktop/Pool Table Test/frames_break/b_0106.png'
02:31.463  render           | Saved: '/Users/davidmarsh/Desktop/Pool Table Test/frames_break/b_0107.png'
02:33.020  render           | Saved: '/Users/davidmarsh/Desktop/Pool Table Test/frames_break/b_0108.png'
02:34.548  render           | Saved: '/Users/davidmarsh/Desktop/Pool Table Test/frames_break/b_0109.png'
02:36.188  render           | Saved: '/Users/davidmarsh/Desktop/Pool Table Test/frames_break/b_0110.png'
02:38.004  render           | Saved: '/Users/davidmarsh/Desktop/Pool Table Test/frames_break/b_0111.png'
02:39.467  render           | Saved: '/Users/davidmarsh/Desktop/Pool Table Test/frames_break/b_0112.png'
02:41.080  render           | Saved: '/Users/davidmarsh/Desktop/Pool Table Test/frames_break/b_0113.png'
02:42.687  render           | Saved: '/Users/davidmarsh/Desktop/Pool Table Test/frames_break/b_0114.png'
02:44.325  render           | Saved: '/Users/davidmarsh/Desktop/Pool Table Test/frames_break/b_0115.png'
02:46.036  render           | Saved: '/Users/davidmarsh/Desktop/Pool Table Test/frames_break/b_0116.png'
02:47.816  render           | Saved: '/Users/davidmarsh/Desktop/Pool Table Test/frames_break/b_0117.png'
02:49.661  render           | Saved: '/Users/davidmarsh/Desktop/Pool Table Test/frames_break/b_0118.png'
02:51.667  render           | Saved: '/Users/davidmarsh/Desktop/Pool Table Test/frames_break/b_0119.png'
02:53.196  render           | Saved: '/Users/davidmarsh/Desktop/Pool Table Test/frames_break/b_0120.png'
02:55.115  render           | Saved: '/Users/davidmarsh/Desktop/Pool Table Test/frames_break/b_0121.png'
02:56.641  render           | Saved: '/Users/davidmarsh/Desktop/Pool Table Test/frames_break/b_0122.png'
02:58.593  render           | Saved: '/Users/davidmarsh/Desktop/Pool Table Test/frames_break/b_0123.png'
03:00.134  render           | Saved: '/Users/davidmarsh/Desktop/Pool Table Test/frames_break/b_0124.png'
03:01.939  render           | Saved: '/Users/davidmarsh/Desktop/Pool Table Test/frames_break/b_0125.png'
03:03.853  render           | Saved: '/Users/davidmarsh/Desktop/Pool Table Test/frames_break/b_0126.png'
03:05.421  render           | Saved: '/Users/davidmarsh/Desktop/Pool Table Test/frames_break/b_0127.png'
03:07.830  render           | Saved: '/Users/davidmarsh/Desktop/Pool Table Test/frames_break/b_0128.png'
03:09.765  render           | Saved: '/Users/davidmarsh/Desktop/Pool Table Test/frames_break/b_0129.png'
03:11.676  render           | Saved: '/Users/davidmarsh/Desktop/Pool Table Test/frames_break/b_0130.png'
03:13.585  render           | Saved: '/Users/davidmarsh/Desktop/Pool Table Test/frames_break/b_0131.png'
03:15.726  render           | Saved: '/Users/davidmarsh/Desktop/Pool Table Test/frames_break/b_0132.png'
03:17.665  render           | Saved: '/Users/davidmarsh/Desktop/Pool Table Test/frames_break/b_0133.png'
03:19.810  render           | Saved: '/Users/davidmarsh/Desktop/Pool Table Test/frames_break/b_0134.png'
03:21.872  render           | Saved: '/Users/davidmarsh/Desktop/Pool Table Test/frames_break/b_0135.png'
03:23.608  render           | Saved: '/Users/davidmarsh/Desktop/Pool Table Test/frames_break/b_0136.png'
03:25.265  render           | Saved: '/Users/davidmarsh/Desktop/Pool Table Test/frames_break/b_0137.png'
03:27.232  render           | Saved: '/Users/davidmarsh/Desktop/Pool Table Test/frames_break/b_0138.png'
03:28.851  render           | Saved: '/Users/davidmarsh/Desktop/Pool Table Test/frames_break/b_0139.png'
03:30.923  render           | Saved: '/Users/davidmarsh/Desktop/Pool Table Test/frames_break/b_0140.png'
03:32.510  render           | Saved: '/Users/davidmarsh/Desktop/Pool Table Test/frames_break/b_0141.png'
03:34.557  render           | Saved: '/Users/davidmarsh/Desktop/Pool Table Test/frames_break/b_0142.png'
03:36.185  render           | Saved: '/Users/davidmarsh/Desktop/Pool Table Test/frames_break/b_0143.png'
03:38.300  render           | Saved: '/Users/davidmarsh/Desktop/Pool Table Test/frames_break/b_0144.png'
03:39.954  render           | Saved: '/Users/davidmarsh/Desktop/Pool Table Test/frames_break/b_0145.png'
03:42.110  render           | Saved: '/Users/davidmarsh/Desktop/Pool Table Test/frames_break/b_0146.png'
03:43.664  render           | Saved: '/Users/davidmarsh/Desktop/Pool Table Test/frames_break/b_0147.png'
03:45.720  render           | Saved: '/Users/davidmarsh/Desktop/Pool Table Test/frames_break/b_0148.png'
03:47.284  render           | Saved: '/Users/davidmarsh/Desktop/Pool Table Test/frames_break/b_0149.png'
03:49.379  render           | Saved: '/Users/davidmarsh/Desktop/Pool Table Test/frames_break/b_0150.png'
03:51.245  render           | Saved: '/Users/davidmarsh/Desktop/Pool Table Test/frames_break/b_0151.png'
03:53.263  render           | Saved: '/Users/davidmarsh/Desktop/Pool Table Test/frames_break/b_0152.png'
03:54.877  render           | Saved: '/Users/davidmarsh/Desktop/Pool Table Test/frames_break/b_0153.png'
03:56.902  render           | Saved: '/Users/davidmarsh/Desktop/Pool Table Test/frames_break/b_0154.png'
03:58.463  render           | Saved: '/Users/davidmarsh/Desktop/Pool Table Test/frames_break/b_0155.png'
04:00.482  render           | Saved: '/Users/davidmarsh/Desktop/Pool Table Test/frames_break/b_0156.png'
04:02.351  render           | Saved: '/Users/davidmarsh/Desktop/Pool Table Test/frames_break/b_0157.png'
04:03.948  render           | Saved: '/Users/davidmarsh/Desktop/Pool Table Test/frames_break/b_0158.png'
04:05.932  render           | Saved: '/Users/davidmarsh/Desktop/Pool Table Test/frames_break/b_0159.png'
04:07.519  render           | Saved: '/Users/davidmarsh/Desktop/Pool Table Test/frames_break/b_0160.png'
04:09.608  render           | Saved: '/Users/davidmarsh/Desktop/Pool Table Test/frames_break/b_0161.png'
04:11.205  render           | Saved: '/Users/davidmarsh/Desktop/Pool Table Test/frames_break/b_0162.png'
04:13.311  render           | Saved: '/Users/davidmarsh/Desktop/Pool Table Test/frames_break/b_0163.png'
04:14.915  render           | Saved: '/Users/davidmarsh/Desktop/Pool Table Test/frames_break/b_0164.png'
04:16.791  render           | Saved: '/Users/davidmarsh/Desktop/Pool Table Test/frames_break/b_0165.png'
04:18.534  render           | Saved: '/Users/davidmarsh/Desktop/Pool Table Test/frames_break/b_0166.png'
04:20.413  render           | Saved: '/Users/davidmarsh/Desktop/Pool Table Test/frames_break/b_0167.png'
04:22.235  render           | Saved: '/Users/davidmarsh/Desktop/Pool Table Test/frames_break/b_0168.png'
04:24.170  render           | Saved: '/Users/davidmarsh/Desktop/Pool Table Test/frames_break/b_0169.png'
04:25.749  render           | Saved: '/Users/davidmarsh/Desktop/Pool Table Test/frames_break/b_0170.png'
04:27.773  render           | Saved: '/Users/davidmarsh/Desktop/Pool Table Test/frames_break/b_0171.png'
04:29.346  render           | Saved: '/Users/davidmarsh/Desktop/Pool Table Test/frames_break/b_0172.png'
04:31.393  render           | Saved: '/Users/davidmarsh/Desktop/Pool Table Test/frames_break/b_0173.png'
04:33.244  render           | Saved: '/Users/davidmarsh/Desktop/Pool Table Test/frames_break/b_0174.png'
04:34.992  render           | Saved: '/Users/davidmarsh/Desktop/Pool Table Test/frames_break/b_0175.png'
04:36.668  render           | Saved: '/Users/davidmarsh/Desktop/Pool Table Test/frames_break/b_0176.png'
04:38.599  render           | Saved: '/Users/davidmarsh/Desktop/Pool Table Test/frames_break/b_0177.png'
04:40.158  render           | Saved: '/Users/davidmarsh/Desktop/Pool Table Test/frames_break/b_0178.png'
04:42.140  render           | Saved: '/Users/davidmarsh/Desktop/Pool Table Test/frames_break/b_0179.png'
04:43.797  render           | Saved: '/Users/davidmarsh/Desktop/Pool Table Test/frames_break/b_0180.png'
04:45.668  render           | Saved: '/Users/davidmarsh/Desktop/Pool Table Test/frames_break/b_0181.png'
04:47.252  render           | Saved: '/Users/davidmarsh/Desktop/Pool Table Test/frames_break/b_0182.png'
04:49.267  render           | Saved: '/Users/davidmarsh/Desktop/Pool Table Test/frames_break/b_0183.png'
04:50.818  render           | Saved: '/Users/davidmarsh/Desktop/Pool Table Test/frames_break/b_0184.png'
04:52.683  render           | Saved: '/Users/davidmarsh/Desktop/Pool Table Test/frames_break/b_0185.png'
04:54.564  render           | Saved: '/Users/davidmarsh/Desktop/Pool Table Test/frames_break/b_0186.png'
04:56.148  render           | Saved: '/Users/davidmarsh/Desktop/Pool Table Test/frames_break/b_0187.png'
04:58.213  render           | Saved: '/Users/davidmarsh/Desktop/Pool Table Test/frames_break/b_0188.png'
04:59.761  render           | Saved: '/Users/davidmarsh/Desktop/Pool Table Test/frames_break/b_0189.png'
05:01.746  render           | Saved: '/Users/davidmarsh/Desktop/Pool Table Test/frames_break/b_0190.png'
05:03.325  render           | Saved: '/Users/davidmarsh/Desktop/Pool Table Test/frames_break/b_0191.png'
05:05.590  render           | Saved: '/Users/davidmarsh/Desktop/Pool Table Test/frames_break/b_0192.png'
05:07.154  render           | Saved: '/Users/davidmarsh/Desktop/Pool Table Test/frames_break/b_0193.png'
05:08.894  render           | Saved: '/Users/davidmarsh/Desktop/Pool Table Test/frames_break/b_0194.png'
05:10.766  render           | Saved: '/Users/davidmarsh/Desktop/Pool Table Test/frames_break/b_0195.png'
05:12.366  render           | Saved: '/Users/davidmarsh/Desktop/Pool Table Test/frames_break/b_0196.png'
05:14.363  render           | Saved: '/Users/davidmarsh/Desktop/Pool Table Test/frames_break/b_0197.png'
05:16.277  render           | Saved: '/Users/davidmarsh/Desktop/Pool Table Test/frames_break/b_0198.png'
05:17.866  render           | Saved: '/Users/davidmarsh/Desktop/Pool Table Test/frames_break/b_0199.png'
05:19.838  render           | Saved: '/Users/davidmarsh/Desktop/Pool Table Test/frames_break/b_0200.png'
05:21.402  render           | Saved: '/Users/davidmarsh/Desktop/Pool Table Test/frames_break/b_0201.png'
05:23.493  render           | Saved: '/Users/davidmarsh/Desktop/Pool Table Test/frames_break/b_0202.png'
05:25.348  render           | Saved: '/Users/davidmarsh/Desktop/Pool Table Test/frames_break/b_0203.png'
05:27.118  render           | Saved: '/Users/davidmarsh/Desktop/Pool Table Test/frames_break/b_0204.png'
05:28.782  render           | Saved: '/Users/davidmarsh/Desktop/Pool Table Test/frames_break/b_0205.png'
05:30.740  render           | Saved: '/Users/davidmarsh/Desktop/Pool Table Test/frames_break/b_0206.png'
05:32.319  render           | Saved: '/Users/davidmarsh/Desktop/Pool Table Test/frames_break/b_0207.png'
05:34.285  render           | Saved: '/Users/davidmarsh/Desktop/Pool Table Test/frames_break/b_0208.png'
05:36.005  render           | Saved: '/Users/davidmarsh/Desktop/Pool Table Test/frames_break/b_0209.png'
05:37.890  render           | Saved: '/Users/davidmarsh/Desktop/Pool Table Test/frames_break/b_0210.png'
05:39.620  render           | Saved: '/Users/davidmarsh/Desktop/Pool Table Test/frames_break/b_0211.png'
05:41.248  render           | Saved: '/Users/davidmarsh/Desktop/Pool Table Test/frames_break/b_0212.png'
05:43.138  render           | Saved: '/Users/davidmarsh/Desktop/Pool Table Test/frames_break/b_0213.png'
05:45.130  render           | Saved: '/Users/davidmarsh/Desktop/Pool Table Test/frames_break/b_0214.png'
05:47.337  render           | Saved: '/Users/davidmarsh/Desktop/Pool Table Test/frames_break/b_0215.png'
05:49.363  render           | Saved: '/Users/davidmarsh/Desktop/Pool Table Test/frames_break/b_0216.png'
05:51.344  render           | Saved: '/Users/davidmarsh/Desktop/Pool Table Test/frames_break/b_0217.png'
05:53.183  render           | Saved: '/Users/davidmarsh/Desktop/Pool Table Test/frames_break/b_0218.png'
05:55.425  render           | Saved: '/Users/davidmarsh/Desktop/Pool Table Test/frames_break/b_0219.png'
05:57.401  render           | Saved: '/Users/davidmarsh/Desktop/Pool Table Test/frames_break/b_0220.png'
05:59.392  render           | Saved: '/Users/davidmarsh/Desktop/Pool Table Test/frames_break/b_0221.png'
06:01.395  render           | Saved: '/Users/davidmarsh/Desktop/Pool Table Test/frames_break/b_0222.png'
06:03.181  render           | Saved: '/Users/davidmarsh/Desktop/Pool Table Test/frames_break/b_0223.png'
06:05.302  render           | Saved: '/Users/davidmarsh/Desktop/Pool Table Test/frames_break/b_0224.png'
06:07.368  render           | Saved: '/Users/davidmarsh/Desktop/Pool Table Test/frames_break/b_0225.png'
06:09.400  render           | Saved: '/Users/davidmarsh/Desktop/Pool Table Test/frames_break/b_0226.png'
06:11.348  render           | Saved: '/Users/davidmarsh/Desktop/Pool Table Test/frames_break/b_0227.png'
06:13.260  render           | Saved: '/Users/davidmarsh/Desktop/Pool Table Test/frames_break/b_0228.png'
06:15.397  render           | Saved: '/Users/davidmarsh/Desktop/Pool Table Test/frames_break/b_0229.png'
06:17.414  render           | Saved: '/Users/davidmarsh/Desktop/Pool Table Test/frames_break/b_0230.png'
06:19.560  render           | Saved: '/Users/davidmarsh/Desktop/Pool Table Test/frames_break/b_0231.png'
06:21.402  render           | Saved: '/Users/davidmarsh/Desktop/Pool Table Test/frames_break/b_0232.png'
06:23.565  render           | Saved: '/Users/davidmarsh/Desktop/Pool Table Test/frames_break/b_0233.png'
06:25.657  render           | Saved: '/Users/davidmarsh/Desktop/Pool Table Test/frames_break/b_0234.png'
06:27.721  render           | Saved: '/Users/davidmarsh/Desktop/Pool Table Test/frames_break/b_0235.png'
06:29.834  render           | Saved: '/Users/davidmarsh/Desktop/Pool Table Test/frames_break/b_0236.png'
06:31.907  render           | Saved: '/Users/davidmarsh/Desktop/Pool Table Test/frames_break/b_0237.png'
06:33.846  render           | Saved: '/Users/davidmarsh/Desktop/Pool Table Test/frames_break/b_0238.png'
06:35.900  render           | Saved: '/Users/davidmarsh/Desktop/Pool Table Test/frames_break/b_0239.png'
06:37.813  render           | Saved: '/Users/davidmarsh/Desktop/Pool Table Test/frames_break/b_0240.png'
06:39.957  render           | Saved: '/Users/davidmarsh/Desktop/Pool Table Test/frames_break/b_0241.png'
06:41.783  render           | Saved: '/Users/davidmarsh/Desktop/Pool Table Test/frames_break/b_0242.png'
06:43.881  render           | Saved: '/Users/davidmarsh/Desktop/Pool Table Test/frames_break/b_0243.png'
06:45.815  render           | Saved: '/Users/davidmarsh/Desktop/Pool Table Test/frames_break/b_0244.png'
06:47.744  render           | Saved: '/Users/davidmarsh/Desktop/Pool Table Test/frames_break/b_0245.png'
06:49.967  render           | Saved: '/Users/davidmarsh/Desktop/Pool Table Test/frames_break/b_0246.png'
06:51.742  render           | Saved: '/Users/davidmarsh/Desktop/Pool Table Test/frames_break/b_0247.png'
06:53.883  render           | Saved: '/Users/davidmarsh/Desktop/Pool Table Test/frames_break/b_0248.png'
06:55.857  render           | Saved: '/Users/davidmarsh/Desktop/Pool Table Test/frames_break/b_0249.png'
06:57.549  render           | Saved: '/Users/davidmarsh/Desktop/Pool Table Test/frames_break/b_0250.png'
06:59.940  render           | Saved: '/Users/davidmarsh/Desktop/Pool Table Test/frames_break/b_0251.png'
07:01.731  render           | Saved: '/Users/davidmarsh/Desktop/Pool Table Test/frames_break/b_0252.png'
07:03.392  render           | Saved: '/Users/davidmarsh/Desktop/Pool Table Test/frames_break/b_0253.png'
07:05.405  render           | Saved: '/Users/davidmarsh/Desktop/Pool Table Test/frames_break/b_0254.png'
07:07.113  render           | Saved: '/Users/davidmarsh/Desktop/Pool Table Test/frames_break/b_0255.png'
07:09.078  render           | Saved: '/Users/davidmarsh/Desktop/Pool Table Test/frames_break/b_0256.png'
07:11.174  render           | Saved: '/Users/davidmarsh/Desktop/Pool Table Test/frames_break/b_0257.png'
07:12.760  render           | Saved: '/Users/davidmarsh/Desktop/Pool Table Test/frames_break/b_0258.png'
07:14.755  render           | Saved: '/Users/davidmarsh/Desktop/Pool Table Test/frames_break/b_0259.png'
07:16.404  render           | Saved: '/Users/davidmarsh/Desktop/Pool Table Test/frames_break/b_0260.png'
07:18.321  render           | Saved: '/Users/davidmarsh/Desktop/Pool Table Test/frames_break/b_0261.png'
07:20.272  render           | Saved: '/Users/davidmarsh/Desktop/Pool Table Test/frames_break/b_0262.png'
07:22.180  render           | Saved: '/Users/davidmarsh/Desktop/Pool Table Test/frames_break/b_0263.png'
07:23.836  render           | Saved: '/Users/davidmarsh/Desktop/Pool Table Test/frames_break/b_0264.png'
07:25.890  render           | Saved: '/Users/davidmarsh/Desktop/Pool Table Test/frames_break/b_0265.png'
07:27.570  render           | Saved: '/Users/davidmarsh/Desktop/Pool Table Test/frames_break/b_0266.png'
07:29.515  render           | Saved: '/Users/davidmarsh/Desktop/Pool Table Test/frames_break/b_0267.png'
07:31.741  render           | Saved: '/Users/davidmarsh/Desktop/Pool Table Test/frames_break/b_0268.png'
07:33.348  render           | Saved: '/Users/davidmarsh/Desktop/Pool Table Test/frames_break/b_0269.png'
07:35.411  render           | Saved: '/Users/davidmarsh/Desktop/Pool Table Test/frames_break/b_0270.png'
07:37.230  render           | Saved: '/Users/davidmarsh/Desktop/Pool Table Test/frames_break/b_0271.png'
07:39.003  render           | Saved: '/Users/davidmarsh/Desktop/Pool Table Test/frames_break/b_0272.png'
07:41.090  render           | Saved: '/Users/davidmarsh/Desktop/Pool Table Test/frames_break/b_0273.png'
07:43.104  render           | Saved: '/Users/davidmarsh/Desktop/Pool Table Test/frames_break/b_0274.png'
07:44.859  render           | Saved: '/Users/davidmarsh/Desktop/Pool Table Test/frames_break/b_0275.png'
07:46.854  render           | Saved: '/Users/davidmarsh/Desktop/Pool Table Test/frames_break/b_0276.png'
07:48.700  render           | Saved: '/Users/davidmarsh/Desktop/Pool Table Test/frames_break/b_0277.png'
07:50.698  render           | Saved: '/Users/davidmarsh/Desktop/Pool Table Test/frames_break/b_0278.png'
07:52.637  render           | Saved: '/Users/davidmarsh/Desktop/Pool Table Test/frames_break/b_0279.png'
07:54.440  render           | Saved: '/Users/davidmarsh/Desktop/Pool Table Test/frames_break/b_0280.png'
07:56.505  render           | Saved: '/Users/davidmarsh/Desktop/Pool Table Test/frames_break/b_0281.png'
07:58.438  render           | Saved: '/Users/davidmarsh/Desktop/Pool Table Test/frames_break/b_0282.png'
08:00.093  render           | Saved: '/Users/davidmarsh/Desktop/Pool Table Test/frames_break/b_0283.png'
08:02.318  render           | Saved: '/Users/davidmarsh/Desktop/Pool Table Test/frames_break/b_0284.png'
08:04.125  render           | Saved: '/Users/davidmarsh/Desktop/Pool Table Test/frames_break/b_0285.png'
08:05.960  render           | Saved: '/Users/davidmarsh/Desktop/Pool Table Test/frames_break/b_0286.png'
08:08.081  render           | Saved: '/Users/davidmarsh/Desktop/Pool Table Test/frames_break/b_0287.png'
08:10.319  render           | Saved: '/Users/davidmarsh/Desktop/Pool Table Test/frames_break/b_0288.png'
08:12.882  render           | Saved: '/Users/davidmarsh/Desktop/Pool Table Test/frames_break/b_0289.png'
08:15.087  render           | Saved: '/Users/davidmarsh/Desktop/Pool Table Test/frames_break/b_0290.png'
08:17.300  render           | Saved: '/Users/davidmarsh/Desktop/Pool Table Test/frames_break/b_0291.png'
08:19.686  render           | Saved: '/Users/davidmarsh/Desktop/Pool Table Test/frames_break/b_0292.png'
08:22.020  render           | Saved: '/Users/davidmarsh/Desktop/Pool Table Test/frames_break/b_0293.png'
08:24.209  render           | Saved: '/Users/davidmarsh/Desktop/Pool Table Test/frames_break/b_0294.png'
08:25.931  render           | Saved: '/Users/davidmarsh/Desktop/Pool Table Test/frames_break/b_0295.png'
08:27.985  render           | Saved: '/Users/davidmarsh/Desktop/Pool Table Test/frames_break/b_0296.png'
08:29.756  render           | Saved: '/Users/davidmarsh/Desktop/Pool Table Test/frames_break/b_0297.png'
08:31.856  render           | Saved: '/Users/davidmarsh/Desktop/Pool Table Test/frames_break/b_0298.png'
08:33.856  render           | Saved: '/Users/davidmarsh/Desktop/Pool Table Test/frames_break/b_0299.png'
08:35.701  render           | Saved: '/Users/davidmarsh/Desktop/Pool Table Test/frames_break/b_0300.png'
08:37.464  render           | Saved: '/Users/davidmarsh/Desktop/Pool Table Test/frames_break/b_0301.png'
08:39.410  render           | Saved: '/Users/davidmarsh/Desktop/Pool Table Test/frames_break/b_0302.png'
08:41.261  render           | Saved: '/Users/davidmarsh/Desktop/Pool Table Test/frames_break/b_0303.png'
08:43.251  render           | Saved: '/Users/davidmarsh/Desktop/Pool Table Test/frames_break/b_0304.png'
08:45.374  render           | Saved: '/Users/davidmarsh/Desktop/Pool Table Test/frames_break/b_0305.png'
08:47.124  render           | Saved: '/Users/davidmarsh/Desktop/Pool Table Test/frames_break/b_0306.png'
08:49.252  render           | Saved: '/Users/davidmarsh/Desktop/Pool Table Test/frames_break/b_0307.png'
08:51.073  render           | Saved: '/Users/davidmarsh/Desktop/Pool Table Test/frames_break/b_0308.png'
08:52.961  render           | Saved: '/Users/davidmarsh/Desktop/Pool Table Test/frames_break/b_0309.png'
08:55.134  render           | Saved: '/Users/davidmarsh/Desktop/Pool Table Test/frames_break/b_0310.png'
08:56.778  render           | Saved: '/Users/davidmarsh/Desktop/Pool Table Test/frames_break/b_0311.png'
08:59.145  render           | Saved: '/Users/davidmarsh/Desktop/Pool Table Test/frames_break/b_0312.png'
09:00.862  render           | Saved: '/Users/davidmarsh/Desktop/Pool Table Test/frames_break/b_0313.png'
09:03.008  render           | Saved: '/Users/davidmarsh/Desktop/Pool Table Test/frames_break/b_0314.png'
09:05.009  render           | Saved: '/Users/davidmarsh/Desktop/Pool Table Test/frames_break/b_0315.png'
09:07.099  render           | Saved: '/Users/davidmarsh/Desktop/Pool Table Test/frames_break/b_0316.png'
09:08.892  render           | Saved: '/Users/davidmarsh/Desktop/Pool Table Test/frames_break/b_0317.png'
09:11.000  render           | Saved: '/Users/davidmarsh/Desktop/Pool Table Test/frames_break/b_0318.png'
09:12.711  render           | Saved: '/Users/davidmarsh/Desktop/Pool Table Test/frames_break/b_0319.png'
09:14.788  render           | Saved: '/Users/davidmarsh/Desktop/Pool Table Test/frames_break/b_0320.png'
09:16.885  render           | Saved: '/Users/davidmarsh/Desktop/Pool Table Test/frames_break/b_0321.png'
09:18.796  render           | Saved: '/Users/davidmarsh/Desktop/Pool Table Test/frames_break/b_0322.png'
09:20.681  render           | Saved: '/Users/davidmarsh/Desktop/Pool Table Test/frames_break/b_0323.png'
09:22.749  render           | Saved: '/Users/davidmarsh/Desktop/Pool Table Test/frames_break/b_0324.png'
09:24.522  render           | Saved: '/Users/davidmarsh/Desktop/Pool Table Test/frames_break/b_0325.png'
09:26.842  render           | Saved: '/Users/davidmarsh/Desktop/Pool Table Test/frames_break/b_0326.png'
09:28.678  render           | Saved: '/Users/davidmarsh/Desktop/Pool Table Test/frames_break/b_0327.png'
09:30.826  render           | Saved: '/Users/davidmarsh/Desktop/Pool Table Test/frames_break/b_0328.png'
09:32.772  render           | Saved: '/Users/davidmarsh/Desktop/Pool Table Test/frames_break/b_0329.png'
09:34.814  render           | Saved: '/Users/davidmarsh/Desktop/Pool Table Test/frames_break/b_0330.png'
09:36.940  render           | Saved: '/Users/davidmarsh/Desktop/Pool Table Test/frames_break/b_0331.png'
09:38.767  render           | Saved: '/Users/davidmarsh/Desktop/Pool Table Test/frames_break/b_0332.png'
09:40.759  render           | Saved: '/Users/davidmarsh/Desktop/Pool Table Test/frames_break/b_0333.png'
09:42.756  render           | Saved: '/Users/davidmarsh/Desktop/Pool Table Test/frames_break/b_0334.png'
09:44.868  render           | Saved: '/Users/davidmarsh/Desktop/Pool Table Test/frames_break/b_0335.png'
09:47.213  render           | Saved: '/Users/davidmarsh/Desktop/Pool Table Test/frames_break/b_0336.png'
09:49.373  render           | Saved: '/Users/davidmarsh/Desktop/Pool Table Test/frames_break/b_0337.png'
09:51.141  render           | Saved: '/Users/davidmarsh/Desktop/Pool Table Test/frames_break/b_0338.png'
09:53.255  render           | Saved: '/Users/davidmarsh/Desktop/Pool Table Test/frames_break/b_0339.png'
09:55.257  render           | Saved: '/Users/davidmarsh/Desktop/Pool Table Test/frames_break/b_0340.png'
09:57.318  render           | Saved: '/Users/davidmarsh/Desktop/Pool Table Test/frames_break/b_0341.png'
09:59.272  render           | Saved: '/Users/davidmarsh/Desktop/Pool Table Test/frames_break/b_0342.png'
10:01.491  render           | Saved: '/Users/davidmarsh/Desktop/Pool Table Test/frames_break/b_0343.png'
10:03.356  render           | Saved: '/Users/davidmarsh/Desktop/Pool Table Test/frames_break/b_0344.png'
10:05.515  render           | Saved: '/Users/davidmarsh/Desktop/Pool Table Test/frames_break/b_0345.png'
10:07.598  render           | Saved: '/Users/davidmarsh/Desktop/Pool Table Test/frames_break/b_0346.png'
10:09.742  render           | Saved: '/Users/davidmarsh/Desktop/Pool Table Test/frames_break/b_0347.png'
10:11.511  render           | Saved: '/Users/davidmarsh/Desktop/Pool Table Test/frames_break/b_0348.png'
10:13.831  render           | Saved: '/Users/davidmarsh/Desktop/Pool Table Test/frames_break/b_0349.png'
10:15.643  render           | Saved: '/Users/davidmarsh/Desktop/Pool Table Test/frames_break/b_0350.png'
10:17.911  render           | Saved: '/Users/davidmarsh/Desktop/Pool Table Test/frames_break/b_0351.png'
10:20.077  render           | Saved: '/Users/davidmarsh/Desktop/Pool Table Test/frames_break/b_0352.png'
10:21.899  render           | Saved: '/Users/davidmarsh/Desktop/Pool Table Test/frames_break/b_0353.png'
10:24.104  render           | Saved: '/Users/davidmarsh/Desktop/Pool Table Test/frames_break/b_0354.png'
10:26.064  render           | Saved: '/Users/davidmarsh/Desktop/Pool Table Test/frames_break/b_0355.png'
10:28.112  render           | Saved: '/Users/davidmarsh/Desktop/Pool Table Test/frames_break/b_0356.png'
10:30.423  render           | Saved: '/Users/davidmarsh/Desktop/Pool Table Test/frames_break/b_0357.png'
10:32.299  render           | Saved: '/Users/davidmarsh/Desktop/Pool Table Test/frames_break/b_0358.png'
10:34.436  render           | Saved: '/Users/davidmarsh/Desktop/Pool Table Test/frames_break/b_0359.png'
10:36.386  render           | Saved: '/Users/davidmarsh/Desktop/Pool Table Test/frames_break/b_0360.png'
10:38.504  render           | Saved: '/Users/davidmarsh/Desktop/Pool Table Test/frames_break/b_0361.png'
10:40.750  render           | Saved: '/Users/davidmarsh/Desktop/Pool Table Test/frames_break/b_0362.png'
10:42.519  render           | Saved: '/Users/davidmarsh/Desktop/Pool Table Test/frames_break/b_0363.png'
10:44.832  render           | Saved: '/Users/davidmarsh/Desktop/Pool Table Test/frames_break/b_0364.png'
10:46.625  render           | Saved: '/Users/davidmarsh/Desktop/Pool Table Test/frames_break/b_0365.png'
10:48.851  render           | Saved: '/Users/davidmarsh/Desktop/Pool Table Test/frames_break/b_0366.png'
10:51.024  render           | Saved: '/Users/davidmarsh/Desktop/Pool Table Test/frames_break/b_0367.png'
10:52.864  render           | Saved: '/Users/davidmarsh/Desktop/Pool Table Test/frames_break/b_0368.png'
10:55.110  render           | Saved: '/Users/davidmarsh/Desktop/Pool Table Test/frames_break/b_0369.png'
10:57.003  render           | Saved: '/Users/davidmarsh/Desktop/Pool Table Test/frames_break/b_0370.png'
10:59.216  render           | Saved: '/Users/davidmarsh/Desktop/Pool Table Test/frames_break/b_0371.png'
11:01.582  render           | Saved: '/Users/davidmarsh/Desktop/Pool Table Test/frames_break/b_0372.png'
11:03.614  render           | Saved: '/Users/davidmarsh/Desktop/Pool Table Test/frames_break/b_0373.png'
11:05.649  render           | Saved: '/Users/davidmarsh/Desktop/Pool Table Test/frames_break/b_0374.png'
11:07.710  render           | Saved: '/Users/davidmarsh/Desktop/Pool Table Test/frames_break/b_0375.png'
11:09.774  render           | Saved: '/Users/davidmarsh/Desktop/Pool Table Test/frames_break/b_0376.png'
11:12.057  render           | Saved: '/Users/davidmarsh/Desktop/Pool Table Test/frames_break/b_0377.png'
11:14.082  render           | Saved: '/Users/davidmarsh/Desktop/Pool Table Test/frames_break/b_0378.png'
11:16.134  render           | Saved: '/Users/davidmarsh/Desktop/Pool Table Test/frames_break/b_0379.png'
11:18.187  render           | Saved: '/Users/davidmarsh/Desktop/Pool Table Test/frames_break/b_0380.png'
11:20.235  render           | Saved: '/Users/davidmarsh/Desktop/Pool Table Test/frames_break/b_0381.png'
11:22.496  render           | Saved: '/Users/davidmarsh/Desktop/Pool Table Test/frames_break/b_0382.png'
11:24.714  render           | Saved: '/Users/davidmarsh/Desktop/Pool Table Test/frames_break/b_0383.png'
11:26.638  render           | Saved: '/Users/davidmarsh/Desktop/Pool Table Test/frames_break/b_0384.png'
11:28.914  render           | Saved: '/Users/davidmarsh/Desktop/Pool Table Test/frames_break/b_0385.png'
11:31.153  render           | Saved: '/Users/davidmarsh/Desktop/Pool Table Test/frames_break/b_0386.png'
11:33.328  render           | Saved: '/Users/davidmarsh/Desktop/Pool Table Test/frames_break/b_0387.png'
11:35.305  render           | Saved: '/Users/davidmarsh/Desktop/Pool Table Test/frames_break/b_0388.png'
11:37.366  render           | Saved: '/Users/davidmarsh/Desktop/Pool Table Test/frames_break/b_0389.png'
11:39.388  render           | Saved: '/Users/davidmarsh/Desktop/Pool Table Test/frames_break/b_0390.png'
11:41.553  render           | Saved: '/Users/davidmarsh/Desktop/Pool Table Test/frames_break/b_0391.png'
11:43.688  render           | Saved: '/Users/davidmarsh/Desktop/Pool Table Test/frames_break/b_0392.png'
11:45.797  render           | Saved: '/Users/davidmarsh/Desktop/Pool Table Test/frames_break/b_0393.png'
11:47.735  render           | Saved: '/Users/davidmarsh/Desktop/Pool Table Test/frames_break/b_0394.png'
11:50.149  render           | Saved: '/Users/davidmarsh/Desktop/Pool Table Test/frames_break/b_0395.png'
11:52.409  render           | Saved: '/Users/davidmarsh/Desktop/Pool Table Test/frames_break/b_0396.png'
11:54.499  render           | Saved: '/Users/davidmarsh/Desktop/Pool Table Test/frames_break/b_0397.png'
11:56.325  render           | Saved: '/Users/davidmarsh/Desktop/Pool Table Test/frames_break/b_0398.png'
11:58.579  render           | Saved: '/Users/davidmarsh/Desktop/Pool Table Test/frames_break/b_0399.png'
12:00.470  render           | Saved: '/Users/davidmarsh/Desktop/Pool Table Test/frames_break/b_0400.png'
12:03.238  render           | Saved: '/Users/davidmarsh/Desktop/Pool Table Test/frames_break/b_0401.png'
12:05.094  render           | Saved: '/Users/davidmarsh/Desktop/Pool Table Test/frames_break/b_0402.png'
12:07.431  render           | Saved: '/Users/davidmarsh/Desktop/Pool Table Test/frames_break/b_0403.png'
12:09.340  render           | Saved: '/Users/davidmarsh/Desktop/Pool Table Test/frames_break/b_0404.png'
12:11.549  render           | Saved: '/Users/davidmarsh/Desktop/Pool Table Test/frames_break/b_0405.png'
12:13.693  render           | Saved: '/Users/davidmarsh/Desktop/Pool Table Test/frames_break/b_0406.png'
12:15.812  render           | Saved: '/Users/davidmarsh/Desktop/Pool Table Test/frames_break/b_0407.png'
12:17.845  render           | Saved: '/Users/davidmarsh/Desktop/Pool Table Test/frames_break/b_0408.png'
12:19.991  render           | Saved: '/Users/davidmarsh/Desktop/Pool Table Test/frames_break/b_0409.png'
12:21.986  render           | Saved: '/Users/davidmarsh/Desktop/Pool Table Test/frames_break/b_0410.png'
12:24.336  render           | Saved: '/Users/davidmarsh/Desktop/Pool Table Test/frames_break/b_0411.png'
12:26.310  render           | Saved: '/Users/davidmarsh/Desktop/Pool Table Test/frames_break/b_0412.png'
12:28.527  render           | Saved: '/Users/davidmarsh/Desktop/Pool Table Test/frames_break/b_0413.png'
12:30.493  render           | Saved: '/Users/davidmarsh/Desktop/Pool Table Test/frames_break/b_0414.png'
12:32.655  render           | Saved: '/Users/davidmarsh/Desktop/Pool Table Test/frames_break/b_0415.png'
12:34.899  render           | Saved: '/Users/davidmarsh/Desktop/Pool Table Test/frames_break/b_0416.png'
12:36.903  render           | Saved: '/Users/davidmarsh/Desktop/Pool Table Test/frames_break/b_0417.png'
12:39.010  render           | Saved: '/Users/davidmarsh/Desktop/Pool Table Test/frames_break/b_0418.png'
12:41.055  render           | Saved: '/Users/davidmarsh/Desktop/Pool Table Test/frames_break/b_0419.png'
12:43.139  render           | Saved: '/Users/davidmarsh/Desktop/Pool Table Test/frames_break/b_0420.png'
12:45.370  render           | Saved: '/Users/davidmarsh/Desktop/Pool Table Test/frames_break/b_0421.png'
12:47.238  render           | Saved: '/Users/davidmarsh/Desktop/Pool Table Test/frames_break/b_0422.png'
12:49.429  render           | Saved: '/Users/davidmarsh/Desktop/Pool Table Test/frames_break/b_0423.png'
12:51.333  render           | Saved: '/Users/davidmarsh/Desktop/Pool Table Test/frames_break/b_0424.png'
12:53.555  render           | Saved: '/Users/davidmarsh/Desktop/Pool Table Test/frames_break/b_0425.png'
12:55.774  render           | Saved: '/Users/davidmarsh/Desktop/Pool Table Test/frames_break/b_0426.png'
12:57.736  render           | Saved: '/Users/davidmarsh/Desktop/Pool Table Test/frames_break/b_0427.png'
12:59.784  render           | Saved: '/Users/davidmarsh/Desktop/Pool Table Test/frames_break/b_0428.png'
13:01.764  render           | Saved: '/Users/davidmarsh/Desktop/Pool Table Test/frames_break/b_0429.png'
13:04.054  render           | Saved: '/Users/davidmarsh/Desktop/Pool Table Test/frames_break/b_0430.png'
13:06.310  render           | Saved: '/Users/davidmarsh/Desktop/Pool Table Test/frames_break/b_0431.png'
13:08.238  render           | Saved: '/Users/davidmarsh/Desktop/Pool Table Test/frames_break/b_0432.png'
13:10.385  render           | Saved: '/Users/davidmarsh/Desktop/Pool Table Test/frames_break/b_0433.png'
13:12.300  render           | Saved: '/Users/davidmarsh/Desktop/Pool Table Test/frames_break/b_0434.png'
13:14.328  render           | Saved: '/Users/davidmarsh/Desktop/Pool Table Test/frames_break/b_0435.png'
13:16.735  render           | Saved: '/Users/davidmarsh/Desktop/Pool Table Test/frames_break/b_0436.png'
13:18.640  render           | Saved: '/Users/davidmarsh/Desktop/Pool Table Test/frames_break/b_0437.png'
13:20.756  render           | Saved: '/Users/davidmarsh/Desktop/Pool Table Test/frames_break/b_0438.png'
13:22.785  render           | Saved: '/Users/davidmarsh/Desktop/Pool Table Test/frames_break/b_0439.png'
13:24.634  render           | Saved: '/Users/davidmarsh/Desktop/Pool Table Test/frames_break/b_0440.png'
13:27.015  render           | Saved: '/Users/davidmarsh/Desktop/Pool Table Test/frames_break/b_0441.png'
13:29.079  render           | Saved: '/Users/davidmarsh/Desktop/Pool Table Test/frames_break/b_0442.png'
13:31.668  render           | Saved: '/Users/davidmarsh/Desktop/Pool Table Test/frames_break/b_0443.png'
13:34.142  render           | Saved: '/Users/davidmarsh/Desktop/Pool Table Test/frames_break/b_0444.png'
13:36.763  render           | Saved: '/Users/davidmarsh/Desktop/Pool Table Test/frames_break/b_0445.png'
13:39.117  render           | Saved: '/Users/davidmarsh/Desktop/Pool Table Test/frames_break/b_0446.png'
13:41.061  render           | Saved: '/Users/davidmarsh/Desktop/Pool Table Test/frames_break/b_0447.png'
13:43.003  render           | Saved: '/Users/davidmarsh/Desktop/Pool Table Test/frames_break/b_0448.png'
13:44.899  render           | Saved: '/Users/davidmarsh/Desktop/Pool Table Test/frames_break/b_0449.png'
13:47.104  render           | Saved: '/Users/davidmarsh/Desktop/Pool Table Test/frames_break/b_0450.png'
13:49.138  render           | Saved: '/Users/davidmarsh/Desktop/Pool Table Test/frames_break/b_0451.png'
13:51.111  render           | Saved: '/Users/davidmarsh/Desktop/Pool Table Test/frames_break/b_0452.png'
13:53.218  render           | Saved: '/Users/davidmarsh/Desktop/Pool Table Test/frames_break/b_0453.png'
13:55.057  render           | Saved: '/Users/davidmarsh/Desktop/Pool Table Test/frames_break/b_0454.png'
13:57.240  render           | Saved: '/Users/davidmarsh/Desktop/Pool Table Test/frames_break/b_0455.png'
13:59.270  render           | Saved: '/Users/davidmarsh/Desktop/Pool Table Test/frames_break/b_0456.png'
14:01.432  render           | Saved: '/Users/davidmarsh/Desktop/Pool Table Test/frames_break/b_0457.png'
14:03.524  render           | Saved: '/Users/davidmarsh/Desktop/Pool Table Test/frames_break/b_0458.png'
14:05.932  render           | Saved: '/Users/davidmarsh/Desktop/Pool Table Test/frames_break/b_0459.png'
14:07.883  render           | Saved: '/Users/davidmarsh/Desktop/Pool Table Test/frames_break/b_0460.png'
14:10.078  render           | Saved: '/Users/davidmarsh/Desktop/Pool Table Test/frames_break/b_0461.png'
14:11.999  render           | Saved: '/Users/davidmarsh/Desktop/Pool Table Test/frames_break/b_0462.png'
14:13.840  render           | Saved: '/Users/davidmarsh/Desktop/Pool Table Test/frames_break/b_0463.png'
14:15.970  render           | Saved: '/Users/davidmarsh/Desktop/Pool Table Test/frames_break/b_0464.png'
14:17.794  render           | Saved: '/Users/davidmarsh/Desktop/Pool Table Test/frames_break/b_0465.png'
14:20.185  render           | Saved: '/Users/davidmarsh/Desktop/Pool Table Test/frames_break/b_0466.png'
14:21.970  render           | Saved: '/Users/davidmarsh/Desktop/Pool Table Test/frames_break/b_0467.png'
14:24.163  render           | Saved: '/Users/davidmarsh/Desktop/Pool Table Test/frames_break/b_0468.png'
14:25.926  render           | Saved: '/Users/davidmarsh/Desktop/Pool Table Test/frames_break/b_0469.png'
14:28.149  render           | Saved: '/Users/davidmarsh/Desktop/Pool Table Test/frames_break/b_0470.png'
14:30.092  render           | Saved: '/Users/davidmarsh/Desktop/Pool Table Test/frames_break/b_0471.png'
14:32.245  render           | Saved: '/Users/davidmarsh/Desktop/Pool Table Test/frames_break/b_0472.png'
14:34.175  render           | Saved: '/Users/davidmarsh/Desktop/Pool Table Test/frames_break/b_0473.png'
14:36.171  render           | Saved: '/Users/davidmarsh/Desktop/Pool Table Test/frames_break/b_0474.png'
14:38.048  render           | Saved: '/Users/davidmarsh/Desktop/Pool Table Test/frames_break/b_0475.png'
14:40.295  render           | Saved: '/Users/davidmarsh/Desktop/Pool Table Test/frames_break/b_0476.png'
14:42.284  render           | Saved: '/Users/davidmarsh/Desktop/Pool Table Test/frames_break/b_0477.png'
14:43.797  render           | Saved: '/Users/davidmarsh/Desktop/Pool Table Test/frames_break/b_0478.png'
14:45.519  render           | Saved: '/Users/davidmarsh/Desktop/Pool Table Test/frames_break/b_0479.png'
14:46.957  render           | Saved: '/Users/davidmarsh/Desktop/Pool Table Test/frames_break/b_0480.png'
14:48.748  render           | Saved: '/Users/davidmarsh/Desktop/Pool Table Test/frames_break/b_0481.png'
14:50.245  render           | Saved: '/Users/davidmarsh/Desktop/Pool Table Test/frames_break/b_0482.png'
14:51.794  render           | Saved: '/Users/davidmarsh/Desktop/Pool Table Test/frames_break/b_0483.png'
14:53.308  render           | Saved: '/Users/davidmarsh/Desktop/Pool Table Test/frames_break/b_0484.png'
14:54.836  render           | Saved: '/Users/davidmarsh/Desktop/Pool Table Test/frames_break/b_0485.png'
14:56.331  render           | Saved: '/Users/davidmarsh/Desktop/Pool Table Test/frames_break/b_0486.png'
14:57.900  render           | Saved: '/Users/davidmarsh/Desktop/Pool Table Test/frames_break/b_0487.png'
14:59.462  render           | Saved: '/Users/davidmarsh/Desktop/Pool Table Test/frames_break/b_0488.png'
15:01.345  render           | Saved: '/Users/davidmarsh/Desktop/Pool Table Test/frames_break/b_0489.png'
15:02.757  render           | Saved: '/Users/davidmarsh/Desktop/Pool Table Test/frames_break/b_0490.png'
15:04.389  render           | Saved: '/Users/davidmarsh/Desktop/Pool Table Test/frames_break/b_0491.png'
15:06.070  render           | Saved: '/Users/davidmarsh/Desktop/Pool Table Test/frames_break/b_0492.png'
15:07.601  render           | Saved: '/Users/davidmarsh/Desktop/Pool Table Test/frames_break/b_0493.png'
15:09.205  render           | Saved: '/Users/davidmarsh/Desktop/Pool Table Test/frames_break/b_0494.png'
15:11.070  render           | Saved: '/Users/davidmarsh/Desktop/Pool Table Test/frames_break/b_0495.png'
15:12.580  render           | Saved: '/Users/davidmarsh/Desktop/Pool Table Test/frames_break/b_0496.png'
15:14.140  render           | Saved: '/Users/davidmarsh/Desktop/Pool Table Test/frames_break/b_0497.png'
15:15.701  render           | Saved: '/Users/davidmarsh/Desktop/Pool Table Test/frames_break/b_0498.png'
15:17.243  render           | Saved: '/Users/davidmarsh/Desktop/Pool Table Test/frames_break/b_0499.png'
15:18.792  render           | Saved: '/Users/davidmarsh/Desktop/Pool Table Test/frames_break/b_0500.png'
15:20.432  render           | Saved: '/Users/davidmarsh/Desktop/Pool Table Test/frames_break/b_0501.png'
15:22.392  render           | Saved: '/Users/davidmarsh/Desktop/Pool Table Test/frames_break/b_0502.png'
15:23.722  render           | Saved: '/Users/davidmarsh/Desktop/Pool Table Test/frames_break/b_0503.png'
15:25.375  render           | Saved: '/Users/davidmarsh/Desktop/Pool Table Test/frames_break/b_0504.png'
15:26.957  render           | Saved: '/Users/davidmarsh/Desktop/Pool Table Test/frames_break/b_0505.png'
15:28.474  render           | Saved: '/Users/davidmarsh/Desktop/Pool Table Test/frames_break/b_0506.png'
15:29.942  render           | Saved: '/Users/davidmarsh/Desktop/Pool Table Test/frames_break/b_0507.png'
15:31.780  render           | Saved: '/Users/davidmarsh/Desktop/Pool Table Test/frames_break/b_0508.png'
15:33.305  render           | Saved: '/Users/davidmarsh/Desktop/Pool Table Test/frames_break/b_0509.png'
15:34.754  render           | Saved: '/Users/davidmarsh/Desktop/Pool Table Test/frames_break/b_0510.png'
15:36.311  render           | Saved: '/Users/davidmarsh/Desktop/Pool Table Test/frames_break/b_0511.png'
15:37.868  render           | Saved: '/Users/davidmarsh/Desktop/Pool Table Test/frames_break/b_0512.png'
15:39.352  render           | Saved: '/Users/davidmarsh/Desktop/Pool Table Test/frames_break/b_0513.png'
15:40.812  render           | Saved: '/Users/davidmarsh/Desktop/Pool Table Test/frames_break/b_0514.png'
15:42.880  render           | Saved: '/Users/davidmarsh/Desktop/Pool Table Test/frames_break/b_0515.png'
15:44.171  render           | Saved: '/Users/davidmarsh/Desktop/Pool Table Test/frames_break/b_0516.png'
15:45.736  render           | Saved: '/Users/davidmarsh/Desktop/Pool Table Test/frames_break/b_0517.png'
15:47.243  render           | Saved: '/Users/davidmarsh/Desktop/Pool Table Test/frames_break/b_0518.png'
15:48.699  render           | Saved: '/Users/davidmarsh/Desktop/Pool Table Test/frames_break/b_0519.png'
15:50.147  render           | Saved: '/Users/davidmarsh/Desktop/Pool Table Test/frames_break/b_0520.png'
15:51.626  render           | Saved: '/Users/davidmarsh/Desktop/Pool Table Test/frames_break/b_0521.png'
15:53.369  render           | Saved: '/Users/davidmarsh/Desktop/Pool Table Test/frames_break/b_0522.png'
15:54.759  render           | Saved: '/Users/davidmarsh/Desktop/Pool Table Test/frames_break/b_0523.png'
15:56.237  render           | Saved: '/Users/davidmarsh/Desktop/Pool Table Test/frames_break/b_0524.png'
15:57.696  render           | Saved: '/Users/davidmarsh/Desktop/Pool Table Test/frames_break/b_0525.png'
15:59.139  render           | Saved: '/Users/davidmarsh/Desktop/Pool Table Test/frames_break/b_0526.png'
16:00.574  render           | Saved: '/Users/davidmarsh/Desktop/Pool Table Test/frames_break/b_0527.png'
16:02.050  render           | Saved: '/Users/davidmarsh/Desktop/Pool Table Test/frames_break/b_0528.png'
16:03.969  render           | Saved: '/Users/davidmarsh/Desktop/Pool Table Test/frames_break/b_0529.png'
16:05.295  render           | Saved: '/Users/davidmarsh/Desktop/Pool Table Test/frames_break/b_0530.png'
16:06.822  render           | Saved: '/Users/davidmarsh/Desktop/Pool Table Test/frames_break/b_0531.png'
16:08.334  render           | Saved: '/Users/davidmarsh/Desktop/Pool Table Test/frames_break/b_0532.png'
16:09.698  render           | Saved: '/Users/davidmarsh/Desktop/Pool Table Test/frames_break/b_0533.png'
16:11.220  render           | Saved: '/Users/davidmarsh/Desktop/Pool Table Test/frames_break/b_0534.png'
16:12.665  render           | Saved: '/Users/davidmarsh/Desktop/Pool Table Test/frames_break/b_0535.png'
16:14.260  render           | Saved: '/Users/davidmarsh/Desktop/Pool Table Test/frames_break/b_0536.png'
16:15.662  render           | Saved: '/Users/davidmarsh/Desktop/Pool Table Test/frames_break/b_0537.png'
16:17.095  render           | Saved: '/Users/davidmarsh/Desktop/Pool Table Test/frames_break/b_0538.png'
16:18.592  render           | Saved: '/Users/davidmarsh/Desktop/Pool Table Test/frames_break/b_0539.png'
16:20.004  render           | Saved: '/Users/davidmarsh/Desktop/Pool Table Test/frames_break/b_0540.png'
16:21.446  render           | Saved: '/Users/davidmarsh/Desktop/Pool Table Test/frames_break/b_0541.png'
16:22.903  render           | Saved: '/Users/davidmarsh/Desktop/Pool Table Test/frames_break/b_0542.png'
16:24.609  render           | Saved: '/Users/davidmarsh/Desktop/Pool Table Test/frames_break/b_0543.png'
16:26.011  render           | Saved: '/Users/davidmarsh/Desktop/Pool Table Test/frames_break/b_0544.png'
16:27.442  render           | Saved: '/Users/davidmarsh/Desktop/Pool Table Test/frames_break/b_0545.png'
16:28.879  render           | Saved: '/Users/davidmarsh/Desktop/Pool Table Test/frames_break/b_0546.png'
16:30.288  render           | Saved: '/Users/davidmarsh/Desktop/Pool Table Test/frames_break/b_0547.png'
16:31.752  render           | Saved: '/Users/davidmarsh/Desktop/Pool Table Test/frames_break/b_0548.png'
16:33.126  render           | Saved: '/Users/davidmarsh/Desktop/Pool Table Test/frames_break/b_0549.png'
16:34.801  render           | Saved: '/Users/davidmarsh/Desktop/Pool Table Test/frames_break/b_0550.png'
16:36.257  render           | Saved: '/Users/davidmarsh/Desktop/Pool Table Test/frames_break/b_0551.png'
16:37.810  render           | Saved: '/Users/davidmarsh/Desktop/Pool Table Test/frames_break/b_0552.png'
16:39.213  render           | Saved: '/Users/davidmarsh/Desktop/Pool Table Test/frames_break/b_0553.png'
16:40.574  render           | Saved: '/Users/davidmarsh/Desktop/Pool Table Test/frames_break/b_0554.png'
16:42.071  render           | Saved: '/Users/davidmarsh/Desktop/Pool Table Test/frames_break/b_0555.png'
16:43.452  render           | Saved: '/Users/davidmarsh/Desktop/Pool Table Test/frames_break/b_0556.png'
16:45.170  render           | Saved: '/Users/davidmarsh/Desktop/Pool Table Test/frames_break/b_0557.png'
16:46.514  render           | Saved: '/Users/davidmarsh/Desktop/Pool Table Test/frames_break/b_0558.png'
16:47.903  render           | Saved: '/Users/davidmarsh/Desktop/Pool Table Test/frames_break/b_0559.png'
16:49.397  render           | Saved: '/Users/davidmarsh/Desktop/Pool Table Test/frames_break/b_0560.png'
16:50.808  render           | Saved: '/Users/davidmarsh/Desktop/Pool Table Test/frames_break/b_0561.png'
16:52.505  render           | Saved: '/Users/davidmarsh/Desktop/Pool Table Test/frames_break/b_0562.png'
16:54.061  render           | Saved: '/Users/davidmarsh/Desktop/Pool Table Test/frames_break/b_0563.png'
16:55.650  render           | Saved: '/Users/davidmarsh/Desktop/Pool Table Test/frames_break/b_0564.png'
16:57.059  render           | Saved: '/Users/davidmarsh/Desktop/Pool Table Test/frames_break/b_0565.png'
16:58.419  render           | Saved: '/Users/davidmarsh/Desktop/Pool Table Test/frames_break/b_0566.png'
16:59.815  render           | Saved: '/Users/davidmarsh/Desktop/Pool Table Test/frames_break/b_0567.png'
17:01.173  render           | Saved: '/Users/davidmarsh/Desktop/Pool Table Test/frames_break/b_0568.png'
17:02.584  render           | Saved: '/Users/davidmarsh/Desktop/Pool Table Test/frames_break/b_0569.png'
17:03.868  render           | Saved: '/Users/davidmarsh/Desktop/Pool Table Test/frames_break/b_0570.png'
17:05.265  render           | Saved: '/Users/davidmarsh/Desktop/Pool Table Test/frames_break/b_0571.png'
17:06.907  render           | Saved: '/Users/davidmarsh/Desktop/Pool Table Test/frames_break/b_0572.png'
17:08.246  render           | Saved: '/Users/davidmarsh/Desktop/Pool Table Test/frames_break/b_0573.png'
17:09.673  render           | Saved: '/Users/davidmarsh/Desktop/Pool Table Test/frames_break/b_0574.png'
17:10.999  render           | Saved: '/Users/davidmarsh/Desktop/Pool Table Test/frames_break/b_0575.png'
17:12.362  render           | Saved: '/Users/davidmarsh/Desktop/Pool Table Test/frames_break/b_0576.png'
17:13.712  render           | Saved: '/Users/davidmarsh/Desktop/Pool Table Test/frames_break/b_0577.png'
17:15.082  render           | Saved: '/Users/davidmarsh/Desktop/Pool Table Test/frames_break/b_0578.png'
17:16.678  render           | Saved: '/Users/davidmarsh/Desktop/Pool Table Test/frames_break/b_0579.png'
17:18.087  render           | Saved: '/Users/davidmarsh/Desktop/Pool Table Test/frames_break/b_0580.png'
17:19.366  render           | Saved: '/Users/davidmarsh/Desktop/Pool Table Test/frames_break/b_0581.png'
17:20.908  render           | Saved: '/Users/davidmarsh/Desktop/Pool Table Test/frames_break/b_0582.png'
17:22.187  render           | Saved: '/Users/davidmarsh/Desktop/Pool Table Test/frames_break/b_0583.png'
17:23.549  render           | Saved: '/Users/davidmarsh/Desktop/Pool Table Test/frames_break/b_0584.png'
17:24.956  render           | Saved: '/Users/davidmarsh/Desktop/Pool Table Test/frames_break/b_0585.png'
17:26.382  render           | Saved: '/Users/davidmarsh/Desktop/Pool Table Test/frames_break/b_0586.png'
17:27.997  render           | Saved: '/Users/davidmarsh/Desktop/Pool Table Test/frames_break/b_0587.png'
17:29.217  render           | Saved: '/Users/davidmarsh/Desktop/Pool Table Test/frames_break/b_0588.png'
17:30.653  render           | Saved: '/Users/davidmarsh/Desktop/Pool Table Test/frames_break/b_0589.png'
17:32.087  render           | Saved: '/Users/davidmarsh/Desktop/Pool Table Test/frames_break/b_0590.png'
17:33.378  render           | Saved: '/Users/davidmarsh/Desktop/Pool Table Test/frames_break/b_0591.png'
17:34.998  render           | Saved: '/Users/davidmarsh/Desktop/Pool Table Test/frames_break/b_0592.png'
17:36.265  render           | Saved: '/Users/davidmarsh/Desktop/Pool Table Test/frames_break/b_0593.png'
17:37.964  render           | Saved: '/Users/davidmarsh/Desktop/Pool Table Test/frames_break/b_0594.png'
17:39.264  render           | Saved: '/Users/davidmarsh/Desktop/Pool Table Test/frames_break/b_0595.png'
17:40.557  render           | Saved: '/Users/davidmarsh/Desktop/Pool Table Test/frames_break/b_0596.png'
17:42.022  render           | Saved: '/Users/davidmarsh/Desktop/Pool Table Test/frames_break/b_0597.png'
17:43.326  render           | Saved: '/Users/davidmarsh/Desktop/Pool Table Test/frames_break/b_0598.png'
17:44.680  render           | Saved: '/Users/davidmarsh/Desktop/Pool Table Test/frames_break/b_0599.png'
17:46.026  render           | Saved: '/Users/davidmarsh/Desktop/Pool Table Test/frames_break/b_0600.png'
17:47.483  render           | Saved: '/Users/davidmarsh/Desktop/Pool Table Test/frames_break/b_0601.png'
17:48.892  render           | Saved: '/Users/davidmarsh/Desktop/Pool Table Test/frames_break/b_0602.png'
17:50.182  render           | Saved: '/Users/davidmarsh/Desktop/Pool Table Test/frames_break/b_0603.png'
17:51.622  render           | Saved: '/Users/davidmarsh/Desktop/Pool Table Test/frames_break/b_0604.png'
17:53.033  render           | Saved: '/Users/davidmarsh/Desktop/Pool Table Test/frames_break/b_0605.png'
17:54.429  render           | Saved: '/Users/davidmarsh/Desktop/Pool Table Test/frames_break/b_0606.png'
17:55.778  render           | Saved: '/Users/davidmarsh/Desktop/Pool Table Test/frames_break/b_0607.png'
17:57.107  render           | Saved: '/Users/davidmarsh/Desktop/Pool Table Test/frames_break/b_0608.png'
17:58.684  render           | Saved: '/Users/davidmarsh/Desktop/Pool Table Test/frames_break/b_0609.png'
17:59.941  render           | Saved: '/Users/davidmarsh/Desktop/Pool Table Test/frames_break/b_0610.png'
18:01.280  render           | Saved: '/Users/davidmarsh/Desktop/Pool Table Test/frames_break/b_0611.png'
18:02.643  render           | Saved: '/Users/davidmarsh/Desktop/Pool Table Test/frames_break/b_0612.png'
18:03.970  render           | Saved: '/Users/davidmarsh/Desktop/Pool Table Test/frames_break/b_0613.png'
18:05.369  render           | Saved: '/Users/davidmarsh/Desktop/Pool Table Test/frames_break/b_0614.png'
18:06.754  render           | Saved: '/Users/davidmarsh/Desktop/Pool Table Test/frames_break/b_0615.png'
18:08.216  render           | Saved: '/Users/davidmarsh/Desktop/Pool Table Test/frames_break/b_0616.png'
18:09.758  render           | Saved: '/Users/davidmarsh/Desktop/Pool Table Test/frames_break/b_0617.png'
18:11.029  render           | Saved: '/Users/davidmarsh/Desktop/Pool Table Test/frames_break/b_0618.png'
18:12.430  render           | Saved: '/Users/davidmarsh/Desktop/Pool Table Test/frames_break/b_0619.png'
18:13.756  render           | Saved: '/Users/davidmarsh/Desktop/Pool Table Test/frames_break/b_0620.png'
18:15.080  render           | Saved: '/Users/davidmarsh/Desktop/Pool Table Test/frames_break/b_0621.png'
18:16.414  render           | Saved: '/Users/davidmarsh/Desktop/Pool Table Test/frames_break/b_0622.png'
18:17.788  render           | Saved: '/Users/davidmarsh/Desktop/Pool Table Test/frames_break/b_0623.png'
18:19.300  render           | Saved: '/Users/davidmarsh/Desktop/Pool Table Test/frames_break/b_0624.png'
18:20.636  render           | Saved: '/Users/davidmarsh/Desktop/Pool Table Test/frames_break/b_0625.png'
18:21.964  render           | Saved: '/Users/davidmarsh/Desktop/Pool Table Test/frames_break/b_0626.png'
18:23.470  render           | Saved: '/Users/davidmarsh/Desktop/Pool Table Test/frames_break/b_0627.png'
18:24.950  render           | Saved: '/Users/davidmarsh/Desktop/Pool Table Test/frames_break/b_0628.png'
18:26.227  render           | Saved: '/Users/davidmarsh/Desktop/Pool Table Test/frames_break/b_0629.png'
18:27.672  render           | Saved: '/Users/davidmarsh/Desktop/Pool Table Test/frames_break/b_0630.png'
18:28.969  render           | Saved: '/Users/davidmarsh/Desktop/Pool Table Test/frames_break/b_0631.png'
18:30.745  render           | Saved: '/Users/davidmarsh/Desktop/Pool Table Test/frames_break/b_0632.png'
18:32.273  render           | Saved: '/Users/davidmarsh/Desktop/Pool Table Test/frames_break/b_0633.png'
18:33.726  render           | Saved: '/Users/davidmarsh/Desktop/Pool Table Test/frames_break/b_0634.png'
18:35.226  render           | Saved: '/Users/davidmarsh/Desktop/Pool Table Test/frames_break/b_0635.png'
18:36.725  render           | Saved: '/Users/davidmarsh/Desktop/Pool Table Test/frames_break/b_0636.png'
18:38.210  render           | Saved: '/Users/davidmarsh/Desktop/Pool Table Test/frames_break/b_0637.png'
18:39.825  render           | Saved: '/Users/davidmarsh/Desktop/Pool Table Test/frames_break/b_0638.png'
18:41.413  render           | Saved: '/Users/davidmarsh/Desktop/Pool Table Test/frames_break/b_0639.png'
18:42.738  render           | Saved: '/Users/davidmarsh/Desktop/Pool Table Test/frames_break/b_0640.png'
18:44.038  render           | Saved: '/Users/davidmarsh/Desktop/Pool Table Test/frames_break/b_0641.png'
18:45.591  render           | Saved: '/Users/davidmarsh/Desktop/Pool Table Test/frames_break/b_0642.png'
18:46.915  render           | Saved: '/Users/davidmarsh/Desktop/Pool Table Test/frames_break/b_0643.png'
18:48.184  render           | Saved: '/Users/davidmarsh/Desktop/Pool Table Test/frames_break/b_0644.png'
18:49.551  render           | Saved: '/Users/davidmarsh/Desktop/Pool Table Test/frames_break/b_0645.png'
18:51.089  render           | Saved: '/Users/davidmarsh/Desktop/Pool Table Test/frames_break/b_0646.png'
18:52.553  render           | Saved: '/Users/davidmarsh/Desktop/Pool Table Test/frames_break/b_0647.png'
18:54.076  render           | Saved: '/Users/davidmarsh/Desktop/Pool Table Test/frames_break/b_0648.png'
18:55.626  render           | Saved: '/Users/davidmarsh/Desktop/Pool Table Test/frames_break/b_0649.png'
18:57.037  render           | Saved: '/Users/davidmarsh/Desktop/Pool Table Test/frames_break/b_0650.png'
18:58.550  render           | Saved: '/Users/davidmarsh/Desktop/Pool Table Test/frames_break/b_0651.png'
18:59.884  render           | Saved: '/Users/davidmarsh/Desktop/Pool Table Test/frames_break/b_0652.png'
19:01.277  render           | Saved: '/Users/davidmarsh/Desktop/Pool Table Test/frames_break/b_0653.png'
19:02.670  render           | Saved: '/Users/davidmarsh/Desktop/Pool Table Test/frames_break/b_0654.png'
19:03.964  render           | Saved: '/Users/davidmarsh/Desktop/Pool Table Test/frames_break/b_0655.png'
19:05.307  render           | Saved: '/Users/davidmarsh/Desktop/Pool Table Test/frames_break/b_0656.png'
19:06.646  render           | Saved: '/Users/davidmarsh/Desktop/Pool Table Test/frames_break/b_0657.png'
19:07.975  render           | Saved: '/Users/davidmarsh/Desktop/Pool Table Test/frames_break/b_0658.png'
19:09.356  render           | Saved: '/Users/davidmarsh/Desktop/Pool Table Test/frames_break/b_0659.png'
19:11.389  render           | Saved: '/Users/davidmarsh/Desktop/Pool Table Test/frames_break/b_0660.png'
19:13.536  render           | Saved: '/Users/davidmarsh/Desktop/Pool Table Test/frames_break/b_0661.png'
19:15.275  render           | Saved: '/Users/davidmarsh/Desktop/Pool Table Test/frames_break/b_0662.png'
19:17.373  render           | Saved: '/Users/davidmarsh/Desktop/Pool Table Test/frames_break/b_0663.png'
19:19.123  render           | Saved: '/Users/davidmarsh/Desktop/Pool Table Test/frames_break/b_0664.png'
19:21.394  render           | Saved: '/Users/davidmarsh/Desktop/Pool Table Test/frames_break/b_0665.png'
19:23.394  render           | Saved: '/Users/davidmarsh/Desktop/Pool Table Test/frames_break/b_0666.png'
19:25.221  render           | Saved: '/Users/davidmarsh/Desktop/Pool Table Test/frames_break/b_0667.png'
19:27.282  render           | Saved: '/Users/davidmarsh/Desktop/Pool Table Test/frames_break/b_0668.png'
19:29.123  render           | Saved: '/Users/davidmarsh/Desktop/Pool Table Test/frames_break/b_0669.png'
19:31.149  render           | Saved: '/Users/davidmarsh/Desktop/Pool Table Test/frames_break/b_0670.png'
19:33.289  render           | Saved: '/Users/davidmarsh/Desktop/Pool Table Test/frames_break/b_0671.png'
19:35.389  render           | Saved: '/Users/davidmarsh/Desktop/Pool Table Test/frames_break/b_0672.png'
19:37.158  render           | Saved: '/Users/davidmarsh/Desktop/Pool Table Test/frames_break/b_0673.png'
19:39.373  render           | Saved: '/Users/davidmarsh/Desktop/Pool Table Test/frames_break/b_0674.png'
19:41.079  render           | Saved: '/Users/davidmarsh/Desktop/Pool Table Test/frames_break/b_0675.png'
19:43.308  render           | Saved: '/Users/davidmarsh/Desktop/Pool Table Test/frames_break/b_0676.png'
19:45.338  render           | Saved: '/Users/davidmarsh/Desktop/Pool Table Test/frames_break/b_0677.png'
19:47.121  render           | Saved: '/Users/davidmarsh/Desktop/Pool Table Test/frames_break/b_0678.png'
19:49.228  render           | Saved: '/Users/davidmarsh/Desktop/Pool Table Test/frames_break/b_0679.png'
19:51.261  render           | Saved: '/Users/davidmarsh/Desktop/Pool Table Test/frames_break/b_0680.png'
19:53.093  render           | Saved: '/Users/davidmarsh/Desktop/Pool Table Test/frames_break/b_0681.png'
19:55.409  render           | Saved: '/Users/davidmarsh/Desktop/Pool Table Test/frames_break/b_0682.png'
19:57.202  render           | Saved: '/Users/davidmarsh/Desktop/Pool Table Test/frames_break/b_0683.png'
19:59.350  render           | Saved: '/Users/davidmarsh/Desktop/Pool Table Test/frames_break/b_0684.png'
20:01.202  render           | Saved: '/Users/davidmarsh/Desktop/Pool Table Test/frames_break/b_0685.png'
20:03.310  render           | Saved: '/Users/davidmarsh/Desktop/Pool Table Test/frames_break/b_0686.png'
20:05.592  render           | Saved: '/Users/davidmarsh/Desktop/Pool Table Test/frames_break/b_0687.png'
20:07.502  render           | Saved: '/Users/davidmarsh/Desktop/Pool Table Test/frames_break/b_0688.png'
20:09.522  render           | Saved: '/Users/davidmarsh/Desktop/Pool Table Test/frames_break/b_0689.png'
20:11.540  render           | Saved: '/Users/davidmarsh/Desktop/Pool Table Test/frames_break/b_0690.png'
20:13.540  render           | Saved: '/Users/davidmarsh/Desktop/Pool Table Test/frames_break/b_0691.png'
20:15.715  render           | Saved: '/Users/davidmarsh/Desktop/Pool Table Test/frames_break/b_0692.png'
20:17.808  render           | Saved: '/Users/davidmarsh/Desktop/Pool Table Test/frames_break/b_0693.png'
20:20.107  render           | Saved: '/Users/davidmarsh/Desktop/Pool Table Test/frames_break/b_0694.png'
20:21.886  render           | Saved: '/Users/davidmarsh/Desktop/Pool Table Test/frames_break/b_0695.png'
20:24.153  render           | Saved: '/Users/davidmarsh/Desktop/Pool Table Test/frames_break/b_0696.png'
20:26.351  render           | Saved: '/Users/davidmarsh/Desktop/Pool Table Test/frames_break/b_0697.png'
20:28.244  render           | Saved: '/Users/davidmarsh/Desktop/Pool Table Test/frames_break/b_0698.png'
20:30.286  render           | Saved: '/Users/davidmarsh/Desktop/Pool Table Test/frames_break/b_0699.png'
20:32.146  render           | Saved: '/Users/davidmarsh/Desktop/Pool Table Test/frames_break/b_0700.png'
20:34.300  render           | Saved: '/Users/davidmarsh/Desktop/Pool Table Test/frames_break/b_0701.png'
20:36.555  render           | Saved: '/Users/davidmarsh/Desktop/Pool Table Test/frames_break/b_0702.png'
20:38.553  render           | Saved: '/Users/davidmarsh/Desktop/Pool Table Test/frames_break/b_0703.png'
20:40.674  render           | Saved: '/Users/davidmarsh/Desktop/Pool Table Test/frames_break/b_0704.png'
20:42.609  render           | Saved: '/Users/davidmarsh/Desktop/Pool Table Test/frames_break/b_0705.png'
20:44.608  render           | Saved: '/Users/davidmarsh/Desktop/Pool Table Test/frames_break/b_0706.png'
20:46.870  render           | Saved: '/Users/davidmarsh/Desktop/Pool Table Test/frames_break/b_0707.png'
20:48.765  render           | Saved: '/Users/davidmarsh/Desktop/Pool Table Test/frames_break/b_0708.png'
20:50.941  render           | Saved: '/Users/davidmarsh/Desktop/Pool Table Test/frames_break/b_0709.png'
20:52.725  render           | Saved: '/Users/davidmarsh/Desktop/Pool Table Test/frames_break/b_0710.png'
20:55.033  render           | Saved: '/Users/davidmarsh/Desktop/Pool Table Test/frames_break/b_0711.png'
20:57.576  render           | Saved: '/Users/davidmarsh/Desktop/Pool Table Test/frames_break/b_0712.png'
20:59.550  render           | Saved: '/Users/davidmarsh/Desktop/Pool Table Test/frames_break/b_0713.png'
21:01.585  render           | Saved: '/Users/davidmarsh/Desktop/Pool Table Test/frames_break/b_0714.png'
21:03.603  render           | Saved: '/Users/davidmarsh/Desktop/Pool Table Test/frames_break/b_0715.png'
21:05.634  render           | Saved: '/Users/davidmarsh/Desktop/Pool Table Test/frames_break/b_0716.png'
21:07.961  render           | Saved: '/Users/davidmarsh/Desktop/Pool Table Test/frames_break/b_0717.png'
21:10.005  render           | Saved: '/Users/davidmarsh/Desktop/Pool Table Test/frames_break/b_0718.png'
21:12.032  render           | Saved: '/Users/davidmarsh/Desktop/Pool Table Test/frames_break/b_0719.png'
21:14.266  render           | Saved: '/Users/davidmarsh/Desktop/Pool Table Test/frames_break/b_0720.png'
Info: Applied modifier was not first, result may not be as expected
Info: Applied modifier was not first, result may not be as expected
Info: Applied modifier was not first, result may not be as expected
Info: Applied modifier was not first, result may not be as expected
Info: Applied modifier was not first, result may not be as expected
Info: Applied modifier was not first, result may not be as expected
Info: Applied modifier was not first, result may not be as expected
Info: Applied modifier was not first, result may not be as expected
Info: Applied modifier was not first, result may not be as expected
Info: Applied modifier was not first, result may not be as expected
Info: Applied modifier was not first, result may not be as expected
Info: Applied modifier was not first, result may not be as expected
Info: Applied modifier was not first, result may not be as expected
Info: Applied modifier was not first, result may not be as expected
Info: Applied modifier was not first, result may not be as expected
Info: Applied modifier was not first, result may not be as expected
Info: Applied modifier was not first, result may not be as expected
Info: Applied modifier was not first, result may not be as expected
Info: Applied modifier was not first, result may not be as expected
Info: Applied modifier was not first, result may not be as expected
Info: Applied modifier was not first, result may not be as expected
Info: Applied modifier was not first, result may not be as expected
Info: Applied modifier was not first, result may not be as expected
Info: Applied modifier was not first, result may not be as expected
Info: Saved as "break.blend"
film frames: 720 (30.0 s)  potted: {'5': 'rb', '1': 'lt', '11': 'lt'}
Blender 5.2.0 LTS (hash fbe6228777e7 built 2026-07-14 01:31:22)

Blender quit
