/Users/davidmarsh/Desktop/Pool Table Test/render_game.py:89: DeprecationWarning: 'World.use_nodes' is expected to be removed in Blender 6.0
  world.use_nodes = True
/Users/davidmarsh/Desktop/Pool Table Test/render_game.py:98: DeprecationWarning: 'Material.use_nodes' is expected to be removed in Blender 6.0
  m.use_nodes = True
/Users/davidmarsh/Desktop/Pool Table Test/render_game.py:114: DeprecationWarning: 'Material.use_nodes' is expected to be removed in Blender 6.0
  m.use_nodes = True
00:23.249  render           | Saved: '/Users/davidmarsh/Desktop/Pool Table Test/frames/f_0001.png'
00:24.472  render           | Saved: '/Users/davidmarsh/Desktop/Pool Table Test/frames/f_0002.png'
00:25.670  render           | Saved: '/Users/davidmarsh/Desktop/Pool Table Test/frames/f_0003.png'
00:26.892  render           | Saved: '/Users/davidmarsh/Desktop/Pool Table Test/frames/f_0004.png'
00:28.104  render           | Saved: '/Users/davidmarsh/Desktop/Pool Table Test/frames/f_0005.png'
00:29.373  render           | Saved: '/Users/davidmarsh/Desktop/Pool Table Test/frames/f_0006.png'
00:30.611  render           | Saved: '/Users/davidmarsh/Desktop/Pool Table Test/frames/f_0007.png'
00:31.864  render           | Saved: '/Users/davidmarsh/Desktop/Pool Table Test/frames/f_0008.png'
00:33.127  render           | Saved: '/Users/davidmarsh/Desktop/Pool Table Test/frames/f_0009.png'
00:34.374  render           | Saved: '/Users/davidmarsh/Desktop/Pool Table Test/frames/f_0010.png'
00:35.621  render           | Saved: '/Users/davidmarsh/Desktop/Pool Table Test/frames/f_0011.png'
00:36.882  render           | Saved: '/Users/davidmarsh/Desktop/Pool Table Test/frames/f_0012.png'
00:38.146  render           | Saved: '/Users/davidmarsh/Desktop/Pool Table Test/frames/f_0013.png'
00:39.427  render           | Saved: '/Users/davidmarsh/Desktop/Pool Table Test/frames/f_0014.png'
00:40.703  render           | Saved: '/Users/davidmarsh/Desktop/Pool Table Test/frames/f_0015.png'
00:41.955  render           | Saved: '/Users/davidmarsh/Desktop/Pool Table Test/frames/f_0016.png'
00:43.215  render           | Saved: '/Users/davidmarsh/Desktop/Pool Table Test/frames/f_0017.png'
00:44.475  render           | Saved: '/Users/davidmarsh/Desktop/Pool Table Test/frames/f_0018.png'
00:45.734  render           | Saved: '/Users/davidmarsh/Desktop/Pool Table Test/frames/f_0019.png'
00:46.977  render           | Saved: '/Users/davidmarsh/Desktop/Pool Table Test/frames/f_0020.png'
00:48.255  render           | Saved: '/Users/davidmarsh/Desktop/Pool Table Test/frames/f_0021.png'
00:49.526  render           | Saved: '/Users/davidmarsh/Desktop/Pool Table Test/frames/f_0022.png'
00:50.784  render           | Saved: '/Users/davidmarsh/Desktop/Pool Table Test/frames/f_0023.png'
00:52.064  render           | Saved: '/Users/davidmarsh/Desktop/Pool Table Test/frames/f_0024.png'
00:53.416  render           | Saved: '/Users/davidmarsh/Desktop/Pool Table Test/frames/f_0025.png'
00:54.722  render           | Saved: '/Users/davidmarsh/Desktop/Pool Table Test/frames/f_0026.png'
00:55.997  render           | Saved: '/Users/davidmarsh/Desktop/Pool Table Test/frames/f_0027.png'
00:57.276  render           | Saved: '/Users/davidmarsh/Desktop/Pool Table Test/frames/f_0028.png'
00:58.567  render           | Saved: '/Users/davidmarsh/Desktop/Pool Table Test/frames/f_0029.png'
00:59.854  render           | Saved: '/Users/davidmarsh/Desktop/Pool Table Test/frames/f_0030.png'
01:01.122  render           | Saved: '/Users/davidmarsh/Desktop/Pool Table Test/frames/f_0031.png'
01:02.363  render           | Saved: '/Users/davidmarsh/Desktop/Pool Table Test/frames/f_0032.png'
01:03.620  render           | Saved: '/Users/davidmarsh/Desktop/Pool Table Test/frames/f_0033.png'
01:04.885  render           | Saved: '/Users/davidmarsh/Desktop/Pool Table Test/frames/f_0034.png'
01:06.150  render           | Saved: '/Users/davidmarsh/Desktop/Pool Table Test/frames/f_0035.png'
01:07.435  render           | Saved: '/Users/davidmarsh/Desktop/Pool Table Test/frames/f_0036.png'
01:08.761  render           | Saved: '/Users/davidmarsh/Desktop/Pool Table Test/frames/f_0037.png'
01:10.053  render           | Saved: '/Users/davidmarsh/Desktop/Pool Table Test/frames/f_0038.png'
01:11.355  render           | Saved: '/Users/davidmarsh/Desktop/Pool Table Test/frames/f_0039.png'
01:12.723  render           | Saved: '/Users/davidmarsh/Desktop/Pool Table Test/frames/f_0040.png'
01:14.061  render           | Saved: '/Users/davidmarsh/Desktop/Pool Table Test/frames/f_0041.png'
01:15.348  render           | Saved: '/Users/davidmarsh/Desktop/Pool Table Test/frames/f_0042.png'
01:16.635  render           | Saved: '/Users/davidmarsh/Desktop/Pool Table Test/frames/f_0043.png'
01:17.931  render           | Saved: '/Users/davidmarsh/Desktop/Pool Table Test/frames/f_0044.png'
01:19.209  render           | Saved: '/Users/davidmarsh/Desktop/Pool Table Test/frames/f_0045.png'
01:20.477  render           | Saved: '/Users/davidmarsh/Desktop/Pool Table Test/frames/f_0046.png'
01:21.760  render           | Saved: '/Users/davidmarsh/Desktop/Pool Table Test/frames/f_0047.png'
